<html>
<body>
<pre>
<h1>µVision Build Log</h1>
<h2>Tool Versions:</h2>
IDE-Version: ¦ÌVision V5.23.0.0
Copyright (C) 2017 ARM Ltd and ARM Germany GmbH. All rights reserved.
License Information: ll Administrator, l, LIC=6XJCX-H5C5I-8VA1H-WJJ52-3BTKD-BCEKE
 
Tool Versions:
Toolchain:       MDK-ARM Professional  Version: 5.23
Toolchain Path:  D:\Software\Keil5\ARM\ARMCC\Bin
C Compiler:      Armcc.exe V5.06 update 4 (build 422)
Assembler:       Armasm.exe V5.06 update 4 (build 422)
Linker/Locator:  ArmLink.exe V5.06 update 4 (build 422)
Library Manager: ArmAr.exe V5.06 update 4 (build 422)
Hex Converter:   FromElf.exe V5.06 update 4 (build 422)
CPU DLL:         SARMCM3.DLL V5.23
Dialog DLL:      DCM.DLL V1.15.0.0
Target DLL:      STLink\ST-LINKIII-KEIL_SWO.dll V2.0.18.0
Dialog DLL:      TCM.DLL V1.27.0.0
 
<h2>Project:</h2>
C:\Users\Administrator\Desktop\EMWIN_Lernen\emwin\USER\MALLOC.uvprojx
Project File Date:  08/13/2017

<h2>Output:</h2>
*** Using Compiler 'V5.06 update 4 (build 422)', folder: 'D:\Software\Keil5\ARM\ARMCC\Bin'
Rebuild target 'MALLOC'
compiling key.c...
compiling led.c...
compiling stm32f4xx_it.c...
compiling sram.c...
compiling system_stm32f4xx.c...
compiling ILI93x.c...
compiling main.c...
compiling 24cxx.c...
compiling ott2001a.c...
compiling ft5206.c...
compiling myiic.c...
compiling gt9147.c...
compiling ctiic.c...
compiling touch.c...
assembling startup_stm32f40_41xxx.s...
compiling delay.c...
compiling misc.c...
compiling sys.c...
compiling usart.c...
compiling stm32f4xx_gpio.c...
compiling stm32f4xx_fsmc.c...
compiling timer.c...
compiling GUI_X.c...
compiling stm32f4xx_syscfg.c...
compiling stm32f4xx_usart.c...
compiling malloc.c...
compiling stm32f4xx_rcc.c...
compiling stm32f4xx_tim.c...
compiling GUIConf.c...
compiling GUIDEMO.c...
compiling GUIDRV_Template.c...
compiling GUIDEMO_AntialiasedText.c...
compiling GUIDEMO_BarGraph.c...
compiling GUIDEMO_Automotive.c...
compiling GUIDEMO_Bitmap.c...
compiling GUIDEMO_ColorBar.c...
compiling GUIDEMO_Cursor.c...
compiling GUIDEMO_Conf.c...
compiling GUIDEMO_Fading.c...
compiling GUIDEMO_Graph.c...
compiling GUIDEMO_ImageFlow.c...
compiling GUIDEMO_Intro.c...
compiling GUIDEMO_Listview.c...
compiling GUIDEMO_IconView.c...
compiling LCDConf_FlexColor_Template.c...
compiling GUI_X_Touch_Analog.c...
compiling GUIDEMO_RadialMenu.c...
compiling GUIDEMO_Touch.c...
compiling GUIDEMO_Speed.c...
compiling GUIDEMO_Skinning.c...
compiling GUIDEMO_TransparentDialog.c...
compiling GUIDEMO_Resource.c...
compiling GUIDEMO_Start.c...
compiling GUIDEMO_Speedometer.c...
compiling GUIDEMO_VScreen.c...
compiling GUIDEMO_WashingMachine.c...
compiling GUIDEMO_Treeview.c...
compiling GUIDEMO_ZoomAndRotate.c...
linking...
Program Size: Code=165754 RO-data=312214 RW-data=3656 ZI-data=1222800  
FromELF: creating hex file...
"..\OBJ\MALLOC.axf" - 0 Error(s), 0 Warning(s).

<h2>Collection of Component include folders:</h2>
  .\RTE\_MALLOC
  D:\Software\Keil5\ARM\PACK\Keil\STM32F4xx_DFP\2.11.0\Drivers\CMSIS\Device\ST\STM32F4xx\Include

<h2>Collection of Component Files used:</h2>
Build Time Elapsed:  00:00:20
</pre>
</body>
</html>
