Component: ARM Compiler 5.06 update 4 (build 422) Tool: armlink [4d35d2]

==============================================================================

Section Cross References

    main.o(.text) refers to misc.o(.text) for NVIC_PriorityGroupConfig
    main.o(.text) refers to delay.o(.text) for delay_init
    main.o(.text) refers to usart.o(.text) for uart_init
    main.o(.text) refers to led.o(.text) for LED_Init
    main.o(.text) refers to ili93x.o(.text) for TFTLCD_Init
    main.o(.text) refers to key.o(.text) for KEY_Init
    main.o(.text) refers to sram.o(.text) for FSMC_SRAM_Init
    main.o(.text) refers to malloc.o(.text) for my_mem_init
    main.o(.text) refers to stm32f4xx_rcc.o(.text) for RCC_AHB1PeriphClockCmd
    main.o(.text) refers to gui_core.o(i.GUI_Init) for GUI_Init
    main.o(.text) refers to gui_setcolor.o(i.GUI_SetBkColor) for GUI_SetBkColor
    main.o(.text) refers to gui_setcolor.o(i.GUI_SetColor) for GUI_SetColor
    main.o(.text) refers to gui_core.o(i.GUI_Clear) for GUI_Clear
    main.o(.text) refers to gui_setfont.o(i.GUI_SetFont) for GUI_SetFont
    main.o(.text) refers to gui_dispstring.o(i.GUI_DispString) for GUI_DispString
    main.o(.text) refers to f24_ascii.o(.constdata) for GUI_Font24_ASCII
    system_stm32f4xx.o(.text) refers to system_stm32f4xx.o(.data) for SystemCoreClock
    led.o(.text) refers to stm32f4xx_rcc.o(.text) for RCC_AHB1PeriphClockCmd
    led.o(.text) refers to stm32f4xx_gpio.o(.text) for GPIO_Init
    key.o(.text) refers to stm32f4xx_rcc.o(.text) for RCC_AHB1PeriphClockCmd
    key.o(.text) refers to stm32f4xx_gpio.o(.text) for GPIO_Init
    key.o(.text) refers to delay.o(.text) for delay_ms
    key.o(.text) refers to key.o(.data) for key_up
    sram.o(.text) refers to stm32f4xx_rcc.o(.text) for RCC_AHB1PeriphClockCmd
    sram.o(.text) refers to stm32f4xx_gpio.o(.text) for GPIO_Init
    sram.o(.text) refers to stm32f4xx_fsmc.o(.text) for FSMC_NORSRAMInit
    ili93x.o(.text) refers to _printf_percent.o(.ARM.Collect$$_printf_percent$$00000000) for _printf_percent
    ili93x.o(.text) refers to _printf_x.o(.ARM.Collect$$_printf_percent$$0000000C) for _printf_x
    ili93x.o(.text) refers to _printf_hex_int.o(.text) for _printf_longlong_hex
    ili93x.o(.text) refers to delay.o(.text) for delay_us
    ili93x.o(.text) refers to ili93x.o(.bss) for lcddev
    ili93x.o(.text) refers to ili93x.o(.data) for POINT_COLOR
    ili93x.o(.text) refers to stm32f4xx_rcc.o(.text) for RCC_AHB1PeriphClockCmd
    ili93x.o(.text) refers to stm32f4xx_gpio.o(.text) for GPIO_Init
    ili93x.o(.text) refers to stm32f4xx_fsmc.o(.text) for FSMC_NORSRAMInit
    ili93x.o(.text) refers to noretval__2printf.o(.text) for __2printf
    ili93x.o(.text) refers to ili93x.o(.constdata) for asc2_1206
    ft5206.o(.text) refers to _printf_percent.o(.ARM.Collect$$_printf_percent$$00000000) for _printf_percent
    ft5206.o(.text) refers to _printf_x.o(.ARM.Collect$$_printf_percent$$0000000C) for _printf_x
    ft5206.o(.text) refers to _printf_hex_int.o(.text) for _printf_longlong_hex
    ft5206.o(.text) refers to ctiic.o(.text) for CT_IIC_Start
    ft5206.o(.text) refers to stm32f4xx_rcc.o(.text) for RCC_AHB1PeriphClockCmd
    ft5206.o(.text) refers to stm32f4xx_gpio.o(.text) for GPIO_Init
    ft5206.o(.text) refers to delay.o(.text) for delay_ms
    ft5206.o(.text) refers to noretval__2printf.o(.text) for __2printf
    ft5206.o(.text) refers to ft5206.o(.data) for t
    ft5206.o(.text) refers to touch.o(.data) for tp_dev
    ft5206.o(.text) refers to ft5206.o(.constdata) for FT5206_TPX_TBL
    gt9147.o(.text) refers to _printf_percent.o(.ARM.Collect$$_printf_percent$$00000000) for _printf_percent
    gt9147.o(.text) refers to _printf_s.o(.ARM.Collect$$_printf_percent$$00000014) for _printf_s
    gt9147.o(.text) refers to _printf_str.o(.text) for _printf_str
    gt9147.o(.text) refers to _printf_d.o(.ARM.Collect$$_printf_percent$$00000009) for _printf_d
    gt9147.o(.text) refers to _printf_dec.o(.text) for _printf_int_dec
    gt9147.o(.text) refers to ctiic.o(.text) for CT_IIC_Start
    gt9147.o(.text) refers to stm32f4xx_rcc.o(.text) for RCC_AHB1PeriphClockCmd
    gt9147.o(.text) refers to stm32f4xx_gpio.o(.text) for GPIO_Init
    gt9147.o(.text) refers to delay.o(.text) for delay_ms
    gt9147.o(.text) refers to noretval__2printf.o(.text) for __2printf
    gt9147.o(.text) refers to strcmpv7m.o(.text) for strcmp
    gt9147.o(.text) refers to gt9147.o(.constdata) for GT9147_CFG_TBL
    gt9147.o(.text) refers to gt9147.o(.data) for t
    gt9147.o(.text) refers to touch.o(.data) for tp_dev
    gt9147.o(.text) refers to ili93x.o(.bss) for lcddev
    ott2001a.o(.text) refers to _printf_percent.o(.ARM.Collect$$_printf_percent$$00000000) for _printf_percent
    ott2001a.o(.text) refers to _printf_x.o(.ARM.Collect$$_printf_percent$$0000000C) for _printf_x
    ott2001a.o(.text) refers to _printf_hex_int.o(.text) for _printf_longlong_hex
    ott2001a.o(.text) refers to ctiic.o(.text) for CT_IIC_Start
[...]
    GUI_X_Config                             0x08006a75   Thumb Code    38  guiconf.o(.text)
    LCD_X_Config                             0x08007371   Thumb Code   440  lcdconf_flexcolor_template.o(.text)
    LCD_X_DisplayDriver                      0x08007529   Thumb Code    26  lcdconf_flexcolor_template.o(.text)
    __use_no_semihosting                     0x08007551   Thumb Code     2  use_no_semi_2.o(.text)
    __2printf                                0x08007555   Thumb Code    20  noretval__2printf.o(.text)
    __printf                                 0x0800756d   Thumb Code   104  __printf.o(.text)
    _printf_int_hex                          0x080075d5   Thumb Code    84  _printf_hex_int.o(.text)
    _printf_longlong_hex                     0x080075d5   Thumb Code     0  _printf_hex_int.o(.text)
    __aeabi_memcpy                           0x0800762d   Thumb Code     0  rt_memcpy_v6.o(.text)
    __rt_memcpy                              0x0800762d   Thumb Code   138  rt_memcpy_v6.o(.text)
    _memcpy_lastbytes                        0x08007693   Thumb Code     0  rt_memcpy_v6.o(.text)
    __aeabi_memmove                          0x080076b7   Thumb Code     0  rt_memmove_v6.o(.text)
    __rt_memmove                             0x080076b7   Thumb Code   132  rt_memmove_v6.o(.text)
    __memmove_lastfew                        0x08007717   Thumb Code     0  rt_memmove_v6.o(.text)
    __aeabi_memcpy4                          0x0800773b   Thumb Code     0  rt_memcpy_w.o(.text)
    __aeabi_memcpy8                          0x0800773b   Thumb Code     0  rt_memcpy_w.o(.text)
    __rt_memcpy_w                            0x0800773b   Thumb Code   100  rt_memcpy_w.o(.text)
    _memcpy_lastbytes_aligned                0x08007783   Thumb Code     0  rt_memcpy_w.o(.text)
    __use_two_region_memory                  0x0800779f   Thumb Code     2  heapauxi.o(.text)
    __rt_heap_escrow$2region                 0x080077a1   Thumb Code     2  heapauxi.o(.text)
    __rt_heap_expand$2region                 0x080077a3   Thumb Code     2  heapauxi.o(.text)
    __I$use$semihosting                      0x080077a5   Thumb Code     0  use_no_semi.o(.text)
    __use_no_semihosting_swi                 0x080077a5   Thumb Code     2  use_no_semi.o(.text)
    _printf_int_common                       0x080077a7   Thumb Code   178  _printf_intcommon.o(.text)
    _printf_char_file                        0x08007859   Thumb Code    32  _printf_char_file.o(.text)
    __aeabi_memmove4                         0x0800787d   Thumb Code     0  rt_memmove_w.o(.text)
    __aeabi_memmove8                         0x0800787d   Thumb Code     0  rt_memmove_w.o(.text)
    __rt_memmove_w                           0x0800787d   Thumb Code   122  rt_memmove_w.o(.text)
    __memmove_aligned                        0x080078a3   Thumb Code     0  rt_memmove_w.o(.text)
    __memmove_lastfew_aligned                0x080078db   Thumb Code     0  rt_memmove_w.o(.text)
    _printf_char_common                      0x08007903   Thumb Code    32  _printf_char_common.o(.text)
    ferror                                   0x08007929   Thumb Code     8  ferror.o(.text)
    __user_libspace                          0x08007931   Thumb Code     8  libspace.o(.text)
    __user_perproc_libspace                  0x08007931   Thumb Code     0  libspace.o(.text)
    __user_perthread_libspace                0x08007931   Thumb Code     0  libspace.o(.text)
    __user_setup_stackheap                   0x08007939   Thumb Code    74  sys_stackheap_outer.o(.text)
    exit                                     0x08007983   Thumb Code    18  exit.o(.text)
    GUIMONO_DispChar                         0x08007995   Thumb Code   302  gui_charm.o(i.GUIMONO_DispChar)
    GUIMONO_GetCharDistX                     0x08007ac9   Thumb Code    18  gui_charm.o(i.GUIMONO_GetCharDistX)
    GUIMONO_GetFontInfo                      0x08007ae1   Thumb Code     6  gui_charm.o(i.GUIMONO_GetFontInfo)
    GUIMONO_IsInFont                         0x08007ae7   Thumb Code    56  gui_charm.o(i.GUIMONO_IsInFont)
    GUIPROP_DispChar                         0x08007b21   Thumb Code   198  gui_charp.o(i.GUIPROP_DispChar)
    GUIPROP_GetCharDistX                     0x08007bed   Thumb Code    64  gui_charp.o(i.GUIPROP_GetCharDistX)
    GUIPROP_GetFontInfo                      0x08007c31   Thumb Code     6  gui_charp.o(i.GUIPROP_GetFontInfo)
    GUIPROP_IsInFont                         0x08007c37   Thumb Code    16  gui_charp.o(i.GUIPROP_IsInFont)
    GUIPROP__FindChar                        0x08007c47   Thumb Code    22  gui_charp.o(i.GUIPROP__FindChar)
    GUI_ALLOC_AllocNoInit                    0x08007c5d   Thumb Code    10  gui_alloc.o(i.GUI_ALLOC_AllocNoInit)
    GUI_ALLOC_AllocZero                      0x08007c67   Thumb Code    36  gui_alloc_alloczero.o(i.GUI_ALLOC_AllocZero)
    GUI_ALLOC_AssignMemory                   0x08007c8d   Thumb Code    12  gui_alloc.o(i.GUI_ALLOC_AssignMemory)
    GUI_ALLOC_Free                           0x08007c9d   Thumb Code    50  gui_alloc.o(i.GUI_ALLOC_Free)
    GUI_ALLOC_FreeFixedBlock                 0x08007cd5   Thumb Code    18  gui_alloc.o(i.GUI_ALLOC_FreeFixedBlock)
    GUI_ALLOC_GetFixedBlock                  0x08007ced   Thumb Code   170  gui_alloc.o(i.GUI_ALLOC_GetFixedBlock)
    GUI_ALLOC_LockH                          0x08007d9d   Thumb Code    24  gui_alloc.o(i.GUI_ALLOC_LockH)
    GUI_ALLOC_SetAvBlockSize                 0x08007db9   Thumb Code    24  gui_alloc.o(i.GUI_ALLOC_SetAvBlockSize)
    GUI_ALLOC_UnlockH                        0x08007dd5   Thumb Code    42  gui_alloc.o(i.GUI_ALLOC_UnlockH)
    GUI_ALLOC_h2p                            0x08007e05   Thumb Code    20  gui_alloc.o(i.GUI_ALLOC_h2p)
    GUI_CalcColorDist                        0x08007e1d   Thumb Code    60  gui_calccolordist.o(i.GUI_CalcColorDist)
    GUI_Clear                                0x08007e59   Thumb Code    28  gui_core.o(i.GUI_Clear)
    GUI_ClearRect                            0x08007e75   Thumb Code    90  gui_core.o(i.GUI_ClearRect)
    GUI_DEVICE_Create                        0x08007ed5   Thumb Code    76  gui_device.o(i.GUI_DEVICE_Create)
    GUI_DEVICE_CreateAndLink                 0x08007f25   Thumb Code    36  gui_device.o(i.GUI_DEVICE_CreateAndLink)
    GUI_DEVICE_Delete                        0x08007f4d   Thumb Code     4  gui_device.o(i.GUI_DEVICE_Delete)
    GUI_DEVICE_Link                          0x08007f51   Thumb Code   130  gui_device.o(i.GUI_DEVICE_Link)
    GUI_DEVICE_Unlink                        0x08007fd9   Thumb Code    42  gui_device.o(i.GUI_DEVICE_Unlink)
    GUI_DEVICE__GetpDriver                   0x08008009   Thumb Code    32  gui_device.o(i.GUI_DEVICE__GetpDriver)
    GUI_DispString                           0x0800802d   Thumb Code   252  gui_dispstring.o(i.GUI_DispString)
    GUI_GetBitsPerPixelEx                    0x0800812d   Thumb Code    14  lcd_getex.o(i.GUI_GetBitsPerPixelEx)
    GUI_GetBkColor                           0x08008141   Thumb Code    14  gui_getcolor.o(i.GUI_GetBkColor)
    GUI_GetCharDistX                         0x08008151   Thumb Code    12  gui_char.o(i.GUI_GetCharDistX)
    GUI_GetCharDistXEx                       0x08008161   Thumb Code    10  gui_char.o(i.GUI_GetCharDistXEx)
    GUI_GetColor                             0x08008171   Thumb Code    14  gui_getcolor.o(i.GUI_GetColor)
    GUI_GetFontDistY                         0x08008181   Thumb Code    10  gui_char.o(i.GUI_GetFontDistY)
    GUI_GetYAdjust                           0x08008191   Thumb Code    42  gui_char.o(i.GUI_GetYAdjust)
    GUI_GetpfColor2IndexEx                   0x080081c1   Thumb Code    12  lcd_getex.o(i.GUI_GetpfColor2IndexEx)
    GUI_GetpfIndex2ColorEx                   0x080081d1   Thumb Code    12  lcd_getex.o(i.GUI_GetpfIndex2ColorEx)
    GUI_GotoXY                               0x080081e1   Thumb Code    20  gui_goto.o(i.GUI_GotoXY)
    GUI_Init                                 0x080081f5   Thumb Code   108  gui_core.o(i.GUI_Init)
    GUI_MEMDEV_Delete                        0x08008279   Thumb Code    58  guidev.o(i.GUI_MEMDEV_Delete)
    GUI_MEMDEV_GetBitsPerPixel               0x080082b9   Thumb Code    36  guidev.o(i.GUI_MEMDEV_GetBitsPerPixel)
    GUI_MEMDEV_GetDataPtr                    0x080082dd   Thumb Code    26  guidev_getdataptr.o(i.GUI_MEMDEV_GetDataPtr)
    GUI_MEMDEV__WriteToActiveOpaque          0x080082f7   Thumb Code    62  guidev_writetoactiveopaque.o(i.GUI_MEMDEV__WriteToActiveOpaque)
    GUI_MergeRect                            0x08008335   Thumb Code    88  gui_mergerect.o(i.GUI_MergeRect)
    GUI_MoveRect                             0x0800838d   Thumb Code    30  gui_moverect.o(i.GUI_MoveRect)
    GUI_RectsIntersect                       0x080083ab   Thumb Code    56  gui_rectsintersect.o(i.GUI_RectsIntersect)
    GUI_SelectLCD                            0x080083e3   Thumb Code    18  gui_selectlcd.o(i.GUI_SelectLCD)
    GUI_SelectLayer                          0x080083f5   Thumb Code    38  gui_selectlayer.o(i.GUI_SelectLayer)
    GUI_SetBkColor                           0x08008425   Thumb Code     4  gui_setcolor.o(i.GUI_SetBkColor)
    GUI_SetColor                             0x08008429   Thumb Code     4  gui_setcolor.o(i.GUI_SetColor)
    GUI_SetDefaultFont                       0x0800842d   Thumb Code     6  gui_core.o(i.GUI_SetDefaultFont)
    GUI_SetFont                              0x08008439   Thumb Code    14  gui_setfont.o(i.GUI_SetFont)
    GUI_SetOrg                               0x0800844d   Thumb Code    38  gui_setorg.o(i.GUI_SetOrg)
    GUI_SignalEvent                          0x08008485   Thumb Code    12  gui_waitevent.o(i.GUI_SignalEvent)
    GUI_StoreKey                             0x08008495   Thumb Code    12  gui_onkey.o(i.GUI_StoreKey)
    GUI_TOUCH_CalcCoefficients               0x080084a5   Thumb Code  1170  gui_touch_calibrate.o(i.GUI_TOUCH_CalcCoefficients)
    GUI_TOUCH_Calibrate                      0x08008939   Thumb Code   192  gui_touch_driveranalog.o(i.GUI_TOUCH_Calibrate)
    GUI_TOUCH_SetOrientation                 0x08008a01   Thumb Code     6  gui_touch_driveranalog.o(i.GUI_TOUCH_SetOrientation)
    GUI_UC__GetCharCodeInc                   0x08008a0d   Thumb Code    38  gui_uc.o(i.GUI_UC__GetCharCodeInc)
    GUI_UC__NumChars2NumBytes                0x08008a39   Thumb Code    36  gui_uc.o(i.GUI_UC__NumChars2NumBytes)
    GUI_USAGE_AddRect                        0x08008a61   Thumb Code    40  guidev_usage.o(i.GUI_USAGE_AddRect)
    GUI_USAGE_DecUseCnt                      0x08008a89   Thumb Code    36  guidev_usage.o(i.GUI_USAGE_DecUseCnt)
    GUI__CompactPixelIndices                 0x08008aad   Thumb Code   292  gui__compactpixelindices.o(i.GUI__CompactPixelIndices)
    GUI__Config                              0x08008bd1   Thumb Code    42  gui_core.o(i.GUI__Config)
    GUI__DispLine                            0x08008c05   Thumb Code   166  gui_charline.o(i.GUI__DispLine)
    GUI__GetLineDistX                        0x08008cb5   Thumb Code    74  gui_charline.o(i.GUI__GetLineDistX)
    GUI__GetLineNumChars                     0x08008d09   Thumb Code    52  gui_charline.o(i.GUI__GetLineNumChars)
    GUI__GetOverlap                          0x08008d41   Thumb Code    24  gui_charline.o(i.GUI__GetOverlap)
    GUI__IntersectRect                       0x08008d59   Thumb Code    58  gui__intersectrect.o(i.GUI__IntersectRect)
    GUI__IntersectRects                      0x08008d93   Thumb Code    82  gui__intersectrects.o(i.GUI__IntersectRects)
    GUI__ManageCache                         0x08008de5   Thumb Code    12  gui__managecache.o(i.GUI__ManageCache)
    GUI__ManageCacheEx                       0x08008df5   Thumb Code   208  gui__managecache.o(i.GUI__ManageCacheEx)
    GUI__RegisterExit                        0x08008ec9   Thumb Code    10  gui_core.o(i.GUI__RegisterExit)
    GUI__memset                              0x08008ed9   Thumb Code    76  gui__memset.o(i.GUI__memset)
    GUI__memset16                            0x08008f25   Thumb Code    60  gui__memset16.o(i.GUI__memset16)
    LCD_Color2Index                          0x08008f61   Thumb Code    18  lcd.o(i.LCD_Color2Index)
    LCD_DrawBitmap                           0x08008f7d   Thumb Code   504  lcd.o(i.LCD_DrawBitmap)
    LCD_DrawHLine                            0x08009181   Thumb Code    78  lcd.o(i.LCD_DrawHLine)
    LCD_DrawPixel                            0x080091d9   Thumb Code    96  lcd.o(i.LCD_DrawPixel)
    LCD_FillRect                             0x08009241   Thumb Code    80  lcd.o(i.LCD_FillRect)
    LCD_GetBitsPerPixelEx                    0x08009299   Thumb Code     6  lcd_getex.o(i.LCD_GetBitsPerPixelEx)
    LCD_GetBkColorIndex                      0x080092a1   Thumb Code    10  lcd_getcolorindex.o(i.LCD_GetBkColorIndex)
    LCD_GetColorIndex                        0x080092b1   Thumb Code    10  lcd_getcolorindex.o(i.LCD_GetColorIndex)
    LCD_GetNumColors                         0x080092c1   Thumb Code    12  lcd_getex.o(i.LCD_GetNumColors)
    LCD_GetNumColorsEx                       0x080092d1   Thumb Code     6  lcd_getex.o(i.LCD_GetNumColorsEx)
    LCD_GetNumLayers                         0x080092d7   Thumb Code    26  lcd_getnumdisplays.o(i.LCD_GetNumLayers)
    LCD_GetPalette                           0x080092f1   Thumb Code    10  lcd_getex.o(i.LCD_GetPalette)
    LCD_GetPaletteEx                         0x08009301   Thumb Code    24  lcd_getex.o(i.LCD_GetPaletteEx)
    LCD_GetXSizeDisplay                      0x08009319   Thumb Code     6  lcd_getex.o(i.LCD_GetXSizeDisplay)
    LCD_GetXSizeEx                           0x08009325   Thumb Code     6  lcd_getex.o(i.LCD_GetXSizeEx)
    LCD_GetXSizeMax                          0x0800932b   Thumb Code     6  lcd_getex.o(i.LCD_GetXSizeMax)
    LCD_GetYSizeDisplay                      0x08009331   Thumb Code     6  lcd_getex.o(i.LCD_GetYSizeDisplay)
    LCD_GetYSizeEx                           0x0800933d   Thumb Code     6  lcd_getex.o(i.LCD_GetYSizeEx)
    LCD_GetYSizeMax                          0x08009343   Thumb Code     6  lcd_getex.o(i.LCD_GetYSizeMax)
    LCD_GetpPalConvTableBM                   0x08009349   Thumb Code     4  lcd_color.o(i.LCD_GetpPalConvTableBM)
    LCD_GetpPalConvTableUncached             0x0800934d   Thumb Code    68  lcd_color.o(i.LCD_GetpPalConvTableUncached)
    LCD_Index2Color                          0x08009395   Thumb Code    18  lcd.o(i.LCD_Index2Color)
    LCD_Index2Color_M565                     0x080093b1   Thumb Code    34  guicc_m565.o(i.LCD_Index2Color_M565)
    LCD_InitColors                           0x080093dd   Thumb Code    42  lcd_color.o(i.LCD_InitColors)
    LCD_InitLUT                              0x08009411   Thumb Code   112  lcd_color.o(i.LCD_InitLUT)
    LCD_SelectLCD                            0x0800948d   Thumb Code    56  lcd_selectlcd.o(i.LCD_SelectLCD)
    LCD_SetBkColor                           0x080094cd   Thumb Code     8  lcd.o(i.LCD_SetBkColor)
    LCD_SetBkColorIndex                      0x080094d9   Thumb Code    20  lcd.o(i.LCD_SetBkColorIndex)
    LCD_SetClipRectEx                        0x080094f1   Thumb Code    38  lcd_setcliprectex.o(i.LCD_SetClipRectEx)
    LCD_SetClipRectMax                       0x08009521   Thumb Code    20  lcd.o(i.LCD_SetClipRectMax)
    LCD_SetColor                             0x0800953d   Thumb Code     8  lcd.o(i.LCD_SetColor)
    LCD_SetColorIndex                        0x08009549   Thumb Code    20  lcd.o(i.LCD_SetColorIndex)
    LCD_SetDisplaySize                       0x08009561   Thumb Code     8  lcd_getex.o(i.LCD_SetDisplaySize)
    LCD_SetDrawMode                          0x0800956d   Thumb Code     8  lcd.o(i.LCD_SetDrawMode)
    LCD_SetLUTEntryEx                        0x08009579   Thumb Code    44  lcd_set.o(i.LCD_SetLUTEntryEx)
    LCD_SetSizeEx                            0x080095a5   Thumb Code    44  lcd_set.o(i.LCD_SetSizeEx)
    LCD_SetVSizeEx                           0x080095d1   Thumb Code    44  lcd_set.o(i.LCD_SetVSizeEx)
    LCD_UpdateColorIndices                   0x080095fd   Thumb Code    32  lcd_updatecolorindices.o(i.LCD_UpdateColorIndices)
    LCD__DrawBitmap_1bpp                     0x08009621   Thumb Code   424  lcd.o(i.LCD__DrawBitmap_1bpp)
    LCD__GetBPP                              0x080097d5   Thumb Code    92  lcd_getex.o(i.LCD__GetBPP)
    LCD__GetBPPDevice                        0x08009831   Thumb Code    50  lcd_getex.o(i.LCD__GetBPPDevice)
    WM_Activate                              0x08009865   Thumb Code    12  wm.o(i.WM_Activate)
    WM_BringToBottom                         0x08009875   Thumb Code   126  wm_bringtobottom.o(i.WM_BringToBottom)
    WM_CreateWindowAsChild                   0x080098f5   Thumb Code   316  wm.o(i.WM_CreateWindowAsChild)
    WM_DefaultProc                           0x08009a3d   Thumb Code    70  wm.o(i.WM_DefaultProc)
    WM_GetDesktopWindow                      0x08009a85   Thumb Code    14  wm_getdesktopwindow.o(i.WM_GetDesktopWindow)
    WM_GetFirstChild                         0x08009a9d   Thumb Code    14  wm_getfirstchild.o(i.WM_GetFirstChild)
    WM_GetParent                             0x08009aab   Thumb Code    14  wm_getparent.o(i.WM_GetParent)
    WM_Init                                  0x08009ab9   Thumb Code   184  wm.o(i.WM_Init)
    WM_InvalidateRect                        0x08009b8d   Thumb Code   118  wm.o(i.WM_InvalidateRect)
    WM_InvalidateWindow                      0x08009c03   Thumb Code     6  wm.o(i.WM_InvalidateWindow)
    WM_InvalidateWindowAndDescsEx            0x08009c09   Thumb Code    94  wm.o(i.WM_InvalidateWindowAndDescsEx)
    WM_SelectWindow                          0x08009c69   Thumb Code    52  wm.o(i.WM_SelectWindow)
    WM_SendToParent                          0x08009ca5   Thumb Code    30  wm_sendtoparent.o(i.WM_SendToParent)
    WM__ActivateClipRect                     0x08009cc5   Thumb Code    58  wm.o(i.WM__ActivateClipRect)
    WM__AddCriticalHandle                    0x08009d0d   Thumb Code    10  wm_criticalhandle.o(i.WM__AddCriticalHandle)
    WM__Client2Screen                        0x08009d1d   Thumb Code    16  wm.o(i.WM__Client2Screen)
    WM__ClipAtParentBorders                  0x08009d2d   Thumb Code    78  wm.o(i.WM__ClipAtParentBorders)
    WM__GetClientRectEx                      0x08009d7b   Thumb Code    32  wm_getclientrect.o(i.WM__GetClientRectEx)
    WM__GetClientRectWin                     0x08009d9b   Thumb Code    24  wm.o(i.WM__GetClientRectWin)
    WM__GetFirstSibling                      0x08009db3   Thumb Code    18  wm__getfirstsibling.o(i.WM__GetFirstSibling)
    WM__GetNextIVR                           0x08009dc5   Thumb Code    54  wm.o(i.WM__GetNextIVR)
    WM__GetPrevSibling                       0x08009e05   Thumb Code    36  wm__getprevsibling.o(i.WM__GetPrevSibling)
    WM__GetTopLevelLayer                     0x08009e29   Thumb Code    24  wm.o(i.WM__GetTopLevelLayer)
    WM__InitIVRSearch                        0x08009e41   Thumb Code   228  wm.o(i.WM__InitIVRSearch)
    WM__InsertWindowIntoList                 0x08009f31   Thumb Code   164  wm.o(i.WM__InsertWindowIntoList)
    WM__Invalidate1Abs                       0x08009fd5   Thumb Code     6  wm.o(i.WM__Invalidate1Abs)
    WM__InvalidateDrawAndDescs               0x08009fdd   Thumb Code    78  wm.o(i.WM__InvalidateDrawAndDescs)
    WM__InvalidateRect                       0x0800a031   Thumb Code   118  wm.o(i.WM__InvalidateRect)
    WM__InvalidateRectEx                     0x0800a0a7   Thumb Code     6  wm.o(i.WM__InvalidateRectEx)
    WM__RectIsNZ                             0x0800a0ad   Thumb Code    32  wm.o(i.WM__RectIsNZ)
    WM__SelectTopLevelLayer                  0x0800a0cd   Thumb Code    20  wm.o(i.WM__SelectTopLevelLayer)
    WM__SendMessage                          0x0800a0e1   Thumb Code    54  wm__sendmessage.o(i.WM__SendMessage)
    WM__SendMsgNoData                        0x0800a11d   Thumb Code    14  wm.o(i.WM__SendMsgNoData)
    emWin_LCD_Init                           0x0800beb5   Thumb Code   138  lcd.o(i.emWin_LCD_Init)
    _fp_init                                 0x0800bf3f   Thumb Code    10  fpinit.o(x$fpl$fpinit)
    __fplib_config_fpu_vfp                   0x0800bf47   Thumb Code     0  fpinit.o(x$fpl$fpinit)
    __fplib_config_pureend_doubles           0x0800bf47   Thumb Code     0  fpinit.o(x$fpl$fpinit)
    asc2_1206                                0x0800bf48   Data        1140  ili93x.o(.constdata)
    asc2_1608                                0x0800c3bc   Data        1520  ili93x.o(.constdata)
    asc2_2412                                0x0800c9ac   Data        3420  ili93x.o(.constdata)
    FSMC_DefaultTimingStruct                 0x0800d708   Data          28  stm32f4xx_fsmc.o(.constdata)
    memtblsize                               0x0800d724   Data          12  malloc.o(.constdata)
    memblksize                               0x0800d730   Data          12  malloc.o(.constdata)
    memsize                                  0x0800d73c   Data          12  malloc.o(.constdata)
    GUIDRV_Template_API                      0x0800d748   Data          52  guidrv_template.o(.constdata)
    LCD_API_ColorConv_M565                   0x0800d784   Data          24  guicc_m565.o(.constdata)
    GUI_Font6x8                              0x0800de90   Data          36  f6x8.o(.constdata)
    GUI_Font24_ASCII_CharInfo                0x0800ee44   Data         760  f24_ascii.o(.constdata)
    GUI_Font24_ASCII_Prop1                   0x0800f13c   Data          12  f24_ascii.o(.constdata)
    GUI_Font24_ASCII                         0x0800f148   Data          36  f24_ascii.o(.constdata)
    GUI_MEMDEV_DEVICE_16                     0x0800f1ac   Data          52  guidev_16.o(.constdata)
    GUI__aConvert_31_255                     0x0800f1e0   Data          32  gui__divtbl_31_255.o(.constdata)
    GUI__aConvert_63_255                     0x0800f200   Data          64  gui__divtbl_63_255.o(.constdata)
    GUI__aConvert_255_31                     0x0800f240   Data         256  gui__divtbl_255_31.o(.constdata)
    GUI__aConvert_255_63                     0x0800f340   Data         256  gui__divtbl_255_63.o(.constdata)
    GUI_UC_None                              0x0800f440   Data          16  gui_uc_encodenone.o(.constdata)
    LCD_aMirror                              0x0800f45c   Data         256  lcd_mirror.o(.constdata)
    LCD_API_ColorConv_0                      0x0800f564   Data          24  guicc_0.o(.constdata)
    Region$$Table$$Base                      0x0800f5a4   Number         0  anon$$obj.o(Region$$Table)
    Region$$Table$$Limit                     0x0800f5c4   Number         0  anon$$obj.o(Region$$Table)
    mem3base                                 0x10000000   Data       61440  malloc.o(.ARM.__AT_0x10000000)
    mem3mapbase                              0x1000f000   Data        3840  malloc.o(.ARM.__AT_0x1000F000)
    SystemCoreClock                          0x20000000   Data           4  system_stm32f4xx.o(.data)
    AHBPrescTable                            0x20000004   Data          16  system_stm32f4xx.o(.data)
    POINT_COLOR                              0x20000016   Data           2  ili93x.o(.data)
    BACK_COLOR                               0x20000018   Data           2  ili93x.o(.data)
    __stdout                                 0x20000020   Data           4  usart.o(.data)
    USART_RX_STA                             0x20000024   Data           2  usart.o(.data)
    mallco_dev                               0x20000038   Data          36  malloc.o(.data)
    OS_TimeMS                                0x2000005c   Data           4  gui_x.o(.data)
    UCGUI_LCD_CMD                            0x20000060   Data           4  guidrv_template.o(.data)
    UCGUI_LCD_DATA                           0x20000064   Data           4  guidrv_template.o(.data)
    GUI_DecChar                              0x20000070   Data           1  gui_core.o(.data)
    GUI__IsInitialized                       0x20000071   Data           1  gui_core.o(.data)
    GUI_pfGetpPalConvTable                   0x20000074   Data           4  gui_core.o(.data)
    GUI__pFontDefault                        0x20000078   Data           4  gui_core.o(.data)
    GUI_pContext                             0x2000007c   Data           4  gui_core.o(.data)
    GUI_pUC_API                              0x20000080   Data           4  gui_core.o(.data)
    GUI__apDevice                            0x20000094   Data           8  gui_core.o(.data)
    GUI_pfDispCharStyle                      0x2000009c   Data           4  gui_core.o(.data)
    GUI_pLCD_APIList                         0x200000a0   Data           4  gui_core.o(.data)
    GUI_OrgX                                 0x200000a4   Data           2  gui_core.o(.data)
    GUI_OrgY                                 0x200000a6   Data           2  gui_core.o(.data)
    GUI_CharLine_pfLog2Vis                   0x200000f0   Data           4  gui_charline.o(.data)
    LCD__pSetColorAPI                        0x20000110   Data           4  lcd.o(.data)
    LCD__aConvTable                          0x20000118   Data           4  lcd_color.o(.data)
    WM__PaintCallbackCnt                     0x20000124   Data           1  wm.o(.data)
    WM__NumWindows                           0x20000126   Data           2  wm.o(.data)
    WM__NumInvalidWindows                    0x20000128   Data           2  wm.o(.data)
    WM__TouchedLayer                         0x20000130   Data           4  wm.o(.data)
    WM__FirstWin                             0x20000134   Data           4  wm.o(.data)
    WM__pFirstCriticalHandle                 0x20000138   Data           4  wm.o(.data)
    WM__CreateFlags                          0x2000013c   Data           4  wm.o(.data)
    WM_pfPollPID                             0x20000140   Data           4  wm.o(.data)
    WM_MULTIBUF__pAPI                        0x20000144   Data           4  wm.o(.data)
    WM__TransWindowCnt                       0x20000148   Data           4  wm.o(.data)
    WM__hATransWindow                        0x2000014c   Data           4  wm.o(.data)
    WM__hCreateStatic                        0x20000150   Data           4  wm.o(.data)
    WM__pExecGestures                        0x20000154   Data           4  wm.o(.data)
    WM__ahDesktopWin                         0x20000168   Data           8  wm.o(.data)
    WM__aBkColor                             0x20000170   Data           8  wm.o(.data)
    WM__ahCapture                            0x20000178   Data           8  wm.o(.data)
    WM__ahWinFocus                           0x20000180   Data           8  wm.o(.data)
    lcddev                                   0x200001c0   Data          14  ili93x.o(.bss)
    USART_RX_BUF                             0x200001ce   Data         200  usart.o(.bss)
    mem1base                                 0x200002a0   Data       102400  malloc.o(.bss)
    mem1mapbase                              0x200192a0   Data        6400  malloc.o(.bss)
    GUI_ALLOC__Context                       0x2001aba0   Data         192  gui_alloc.o(.bss)
    WM__aCHWinModal                          0x2001ad7c   Data          16  wm_touch.o(.bss)
    WM__aCHWinLast                           0x2001ad8c   Data          16  wm_touch.o(.bss)
    WM__aCHWinMouseOver                      0x2001ad9c   Data          16  wm_touch.o(.bss)
    __libspace_start                         0x2001adac   Data          96  libspace.o(.bss)
    __temporary_stack_top$libspace           0x2001ae0c   Data           0  libspace.o(.bss)
    mem2base                                 0x68000000   Data       983040  malloc.o(.ARM.__AT_0x68000000)
    mem2mapbase                              0x680f0000   Data       61440  malloc.o(.ARM.__AT_0x680F0000)



==============================================================================

Memory Map of the image

  Image Entry point : 0x08000189

  Load Region LR_IROM1 (Base: 0x08000000, Size: 0x0000f784, Max: 0x00100000, ABSOLUTE, COMPRESSED[0x0000f62c])

    Execution Region ER_IROM1 (Base: 0x08000000, Size: 0x0000f5c4, Max: 0x00100000, ABSOLUTE)

    Base Addr    Size         Type   Attr      Idx    E Section Name        Object

    0x08000000   0x00000188   Data   RO          625    RESET               startup_stm32f40_41xxx.o
    0x08000188   0x00000008   Code   RO         2491  * !!!main             c_w.l(__main.o)
    0x08000190   0x00000034   Code   RO         2725    !!!scatter          c_w.l(__scatter.o)
    0x080001c4   0x0000005a   Code   RO         2723    !!dczerorl2         c_w.l(__dczerorl2.o)
    0x0800021e   0x00000002   PAD
    0x08000220   0x0000001c   Code   RO         2727    !!handler_zi        c_w.l(__scatter_zi.o)
    0x0800023c   0x00000000   Code   RO         2474    .ARM.Collect$$_printf_percent$$00000000  c_w.l(_printf_percent.o)
    0x0800023c   0x00000006   Code   RO         2472    .ARM.Collect$$_printf_percent$$0000000C  c_w.l(_printf_x.o)
    0x08000242   0x00000004   Code   RO         2544    .ARM.Collect$$_printf_percent$$00000017  c_w.l(_printf_percent_end.o)
    0x08000246   0x00000002   Code   RO         2600    .ARM.Collect$$libinit$$00000000  c_w.l(libinit.o)
    0x08000248   0x00000004   Code   RO         2603    .ARM.Collect$$libinit$$00000001  c_w.l(libinit2.o)
    0x0800024c   0x00000000   Code   RO         2606    .ARM.Collect$$libinit$$00000004  c_w.l(libinit2.o)
    0x0800024c   0x00000000   Code   RO         2609    .ARM.Collect$$libinit$$0000000A  c_w.l(libinit2.o)
    0x0800024c   0x00000000   Code   RO         2611    .ARM.Collect$$libinit$$0000000C  c_w.l(libinit2.o)
    0x0800024c   0x00000000   Code   RO         2613    .ARM.Collect$$libinit$$0000000E  c_w.l(libinit2.o)
    0x0800024c   0x00000000   Code   RO         2616    .ARM.Collect$$libinit$$00000011  c_w.l(libinit2.o)
    0x0800024c   0x00000000   Code   RO         2618    .ARM.Collect$$libinit$$00000013  c_w.l(libinit2.o)
    0x0800024c   0x00000000   Code   RO         2620    .ARM.Collect$$libinit$$00000015  c_w.l(libinit2.o)
    0x0800024c   0x00000000   Code   RO         2622    .ARM.Collect$$libinit$$00000017  c_w.l(libinit2.o)
    0x0800024c   0x00000000   Code   RO         2624    .ARM.Collect$$libinit$$00000019  c_w.l(libinit2.o)
    0x0800024c   0x00000000   Code   RO         2626    .ARM.Collect$$libinit$$0000001B  c_w.l(libinit2.o)
    0x0800024c   0x00000000   Code   RO         2628    .ARM.Collect$$libinit$$0000001D  c_w.l(libinit2.o)
    0x0800024c   0x00000000   Code   RO         2630    .ARM.Collect$$libinit$$0000001F  c_w.l(libinit2.o)
    0x0800024c   0x00000000   Code   RO         2632    .ARM.Collect$$libinit$$00000021  c_w.l(libinit2.o)
    0x0800024c   0x00000000   Code   RO         2634    .ARM.Collect$$libinit$$00000023  c_w.l(libinit2.o)
    0x0800024c   0x00000000   Code   RO         2636    .ARM.Collect$$libinit$$00000025  c_w.l(libinit2.o)
    0x0800024c   0x00000000   Code   RO         2640    .ARM.Collect$$libinit$$0000002C  c_w.l(libinit2.o)
    0x0800024c   0x00000000   Code   RO         2642    .ARM.Collect$$libinit$$0000002E  c_w.l(libinit2.o)
    0x0800024c   0x00000000   Code   RO         2644    .ARM.Collect$$libinit$$00000030  c_w.l(libinit2.o)
    0x0800024c   0x00000000   Code   RO         2646    .ARM.Collect$$libinit$$00000032  c_w.l(libinit2.o)
    0x0800024c   0x00000002   Code   RO         2647    .ARM.Collect$$libinit$$00000033  c_w.l(libinit2.o)
    0x0800024e   0x00000002   Code   RO         2665    .ARM.Collect$$libshutdown$$00000000  c_w.l(libshutdown.o)
    0x08000250   0x00000000   Code   RO         2675    .ARM.Collect$$libshutdown$$00000002  c_w.l(libshutdown2.o)
    0x08000250   0x00000000   Code   RO         2677    .ARM.Collect$$libshutdown$$00000004  c_w.l(libshutdown2.o)
    0x08000250   0x00000000   Code   RO         2680    .ARM.Collect$$libshutdown$$00000007  c_w.l(libshutdown2.o)
    0x08000250   0x00000000   Code   RO         2683    .ARM.Collect$$libshutdown$$0000000A  c_w.l(libshutdown2.o)
    0x08000250   0x00000000   Code   RO         2685    .ARM.Collect$$libshutdown$$0000000C  c_w.l(libshutdown2.o)
    0x08000250   0x00000000   Code   RO         2688    .ARM.Collect$$libshutdown$$0000000F  c_w.l(libshutdown2.o)
    0x08000250   0x00000002   Code   RO         2689    .ARM.Collect$$libshutdown$$00000010  c_w.l(libshutdown2.o)
    0x08000252   0x00000000   Code   RO         2535    .ARM.Collect$$rtentry$$00000000  c_w.l(__rtentry.o)
    0x08000252   0x00000000   Code   RO         2561    .ARM.Collect$$rtentry$$00000002  c_w.l(__rtentry2.o)
    0x08000252   0x00000006   Code   RO         2573    .ARM.Collect$$rtentry$$00000004  c_w.l(__rtentry4.o)
    0x08000258   0x00000000   Code   RO         2563    .ARM.Collect$$rtentry$$00000009  c_w.l(__rtentry2.o)
    0x08000258   0x00000004   Code   RO         2564    .ARM.Collect$$rtentry$$0000000A  c_w.l(__rtentry2.o)
    0x0800025c   0x00000000   Code   RO         2566    .ARM.Collect$$rtentry$$0000000C  c_w.l(__rtentry2.o)
    0x0800025c   0x00000008   Code   RO         2567    .ARM.Collect$$rtentry$$0000000D  c_w.l(__rtentry2.o)
    0x08000264   0x00000002   Code   RO         2601    .ARM.Collect$$rtexit$$00000000  c_w.l(rtexit.o)
    0x08000266   0x00000000   Code   RO         2649    .ARM.Collect$$rtexit$$00000002  c_w.l(rtexit2.o)
    0x08000266   0x00000004   Code   RO         2650    .ARM.Collect$$rtexit$$00000003  c_w.l(rtexit2.o)
    0x0800026a   0x00000006   Code   RO         2651    .ARM.Collect$$rtexit$$00000004  c_w.l(rtexit2.o)
    0x08000270   0x00000088   Code   RO            3    .text               main.o
    0x080002f8   0x0000001a   Code   RO          188    .text               stm32f4xx_it.o
    0x08000312   0x00000002   PAD
    0x08000314   0x00000210   Code   RO          237    .text               system_stm32f4xx.o
    0x08000524   0x00000040   Code   RO          263    .text               led.o
    0x08000564   0x00000104   Code   RO          283    .text               key.o
    0x08000668   0x0000031c   Code   RO          304    .text               sram.o
    0x08000984   0x0000481c   Code   RO          324    .text               ili93x.o
    0x080051a0   0x00000104   Code   RO          554    .text               delay.o
    0x080052a4   0x00000150   Code   RO          594    .text               usart.o
    0x080053f4   0x00000040   Code   RO          626    .text               startup_stm32f40_41xxx.o
    0x08005434   0x000000e0   Code   RO          632    .text               misc.o
    0x08005514   0x00000294   Code   RO          652    .text               stm32f4xx_gpio.o
    0x080057a8   0x000005c8   Code   RO          672    .text               stm32f4xx_fsmc.o
    0x08005d70   0x0000065c   Code   RO          695    .text               stm32f4xx_rcc.o
    0x080063cc   0x00000454   Code   RO          737    .text               stm32f4xx_usart.o
    0x08006820   0x0000022c   Code   RO          757    .text               malloc.o
    0x08006a4c   0x00000028   Code   RO          787    .text               gui_x.o
    0x08006a74   0x0000002c   Code   RO          804    .text               guiconf.o
    0x08006aa0   0x000008d0   Code   RO          828    .text               guidrv_template.o
    0x08007370   0x000001e0   Code   RO          893    .text               lcdconf_flexcolor_template.o
    0x08007550   0x00000002   Code   RO         2418    .text               c_w.l(use_no_semi_2.o)
    0x08007552   0x00000002   PAD
    0x08007554   0x00000018   Code   RO         2422    .text               c_w.l(noretval__2printf.o)
    0x0800756c   0x00000068   Code   RO         2424    .text               c_w.l(__printf.o)
    0x080075d4   0x00000058   Code   RO         2433    .text               c_w.l(_printf_hex_int.o)
    0x0800762c   0x0000008a   Code   RO         2477    .text               c_w.l(rt_memcpy_v6.o)
    0x080076b6   0x00000084   Code   RO         2479    .text               c_w.l(rt_memmove_v6.o)
    0x0800773a   0x00000064   Code   RO         2481    .text               c_w.l(rt_memcpy_w.o)
    0x0800779e   0x00000006   Code   RO         2489    .text               c_w.l(heapauxi.o)
    0x080077a4   0x00000002   Code   RO         2533    .text               c_w.l(use_no_semi.o)
    0x080077a6   0x000000b2   Code   RO         2538    .text               c_w.l(_printf_intcommon.o)
    0x08007858   0x00000024   Code   RO         2542    .text               c_w.l(_printf_char_file.o)
    0x0800787c   0x0000007a   Code   RO         2545    .text               c_w.l(rt_memmove_w.o)
    0x080078f6   0x00000002   PAD
    0x080078f8   0x00000030   Code   RO         2580    .text               c_w.l(_printf_char_common.o)
    0x08007928   0x00000008   Code   RO         2582    .text               c_w.l(ferror.o)
    0x08007930   0x00000008   Code   RO         2586    .text               c_w.l(libspace.o)
    0x08007938   0x0000004a   Code   RO         2589    .text               c_w.l(sys_stackheap_outer.o)
    0x08007982   0x00000012   Code   RO         2593    .text               c_w.l(exit.o)
    0x08007994   0x00000134   Code   RO         1405    i.GUIMONO_DispChar  STemWin532_CM4_Keil.lib(gui_charm.o)
    0x08007ac8   0x00000018   Code   RO         1406    i.GUIMONO_GetCharDistX  STemWin532_CM4_Keil.lib(gui_charm.o)
    0x08007ae0   0x00000006   Code   RO         1407    i.GUIMONO_GetFontInfo  STemWin532_CM4_Keil.lib(gui_charm.o)
    0x08007ae6   0x00000038   Code   RO         1408    i.GUIMONO_IsInFont  STemWin532_CM4_Keil.lib(gui_charm.o)
    0x08007b1e   0x00000002   PAD
    0x08007b20   0x000000cc   Code   RO         1413    i.GUIPROP_DispChar  STemWin532_CM4_Keil.lib(gui_charp.o)
    0x08007bec   0x00000044   Code   RO         1414    i.GUIPROP_GetCharDistX  STemWin532_CM4_Keil.lib(gui_charp.o)
    0x08007c30   0x00000006   Code   RO         1415    i.GUIPROP_GetFontInfo  STemWin532_CM4_Keil.lib(gui_charp.o)
    0x08007c36   0x00000010   Code   RO         1416    i.GUIPROP_IsInFont  STemWin532_CM4_Keil.lib(gui_charp.o)
    0x08007c46   0x00000016   Code   RO         1417    i.GUIPROP__FindChar  STemWin532_CM4_Keil.lib(gui_charp.o)
    0x08007c5c   0x0000000a   Code   RO          935    i.GUI_ALLOC_AllocNoInit  STemWin532_CM4_Keil.lib(gui_alloc.o)
    0x08007c66   0x00000024   Code   RO         1699    i.GUI_ALLOC_AllocZero  STemWin532_CM4_Keil.lib(gui_alloc_alloczero.o)
    0x08007c8a   0x00000002   PAD
    0x08007c8c   0x00000010   Code   RO          936    i.GUI_ALLOC_AssignMemory  STemWin532_CM4_Keil.lib(gui_alloc.o)
    0x08007c9c   0x00000038   Code   RO          937    i.GUI_ALLOC_Free    STemWin532_CM4_Keil.lib(gui_alloc.o)
    0x08007cd4   0x00000018   Code   RO          938    i.GUI_ALLOC_FreeFixedBlock  STemWin532_CM4_Keil.lib(gui_alloc.o)
    0x08007cec   0x000000b0   Code   RO          941    i.GUI_ALLOC_GetFixedBlock  STemWin532_CM4_Keil.lib(gui_alloc.o)
    0x08007d9c   0x0000001c   Code   RO          951    i.GUI_ALLOC_LockH   STemWin532_CM4_Keil.lib(gui_alloc.o)
    0x08007db8   0x0000001c   Code   RO          953    i.GUI_ALLOC_SetAvBlockSize  STemWin532_CM4_Keil.lib(gui_alloc.o)
    0x08007dd4   0x00000030   Code   RO          957    i.GUI_ALLOC_UnlockH  STemWin532_CM4_Keil.lib(gui_alloc.o)
    0x08007e04   0x00000018   Code   RO          958    i.GUI_ALLOC_h2p     STemWin532_CM4_Keil.lib(gui_alloc.o)
    0x08007e1c   0x0000003c   Code   RO         1936    i.GUI_CalcColorDist  STemWin532_CM4_Keil.lib(gui_calccolordist.o)
    0x08007e58   0x0000001c   Code   RO         1011    i.GUI_Clear         STemWin532_CM4_Keil.lib(gui_core.o)
    0x08007e74   0x00000060   Code   RO         1012    i.GUI_ClearRect     STemWin532_CM4_Keil.lib(gui_core.o)
    0x08007ed4   0x00000050   Code   RO         1049    i.GUI_DEVICE_Create  STemWin532_CM4_Keil.lib(gui_device.o)
    0x08007f24   0x00000028   Code   RO         1050    i.GUI_DEVICE_CreateAndLink  STemWin532_CM4_Keil.lib(gui_device.o)
    0x08007f4c   0x00000004   Code   RO         1051    i.GUI_DEVICE_Delete  STemWin532_CM4_Keil.lib(gui_device.o)
    0x08007f50   0x00000088   Code   RO         1052    i.GUI_DEVICE_Link   STemWin532_CM4_Keil.lib(gui_device.o)
    0x08007fd8   0x00000030   Code   RO         1054    i.GUI_DEVICE_Unlink  STemWin532_CM4_Keil.lib(gui_device.o)
    0x08008008   0x00000024   Code   RO         1057    i.GUI_DEVICE__GetpDriver  STemWin532_CM4_Keil.lib(gui_device.o)
    0x0800802c   0x00000100   Code   RO         1067    i.GUI_DispString    STemWin532_CM4_Keil.lib(gui_dispstring.o)
    0x0800812c   0x00000014   Code   RO         1100    i.GUI_GetBitsPerPixelEx  STemWin532_CM4_Keil.lib(lcd_getex.o)
    0x08008140   0x0000000e   Code   RO         1701    i.GUI_GetBkColor    STemWin532_CM4_Keil.lib(gui_getcolor.o)
    0x0800814e   0x00000002   PAD
    0x08008150   0x00000010   Code   RO         1382    i.GUI_GetCharDistX  STemWin532_CM4_Keil.lib(gui_char.o)
    0x08008160   0x00000010   Code   RO         1383    i.GUI_GetCharDistXEx  STemWin532_CM4_Keil.lib(gui_char.o)
    0x08008170   0x0000000e   Code   RO         1703    i.GUI_GetColor      STemWin532_CM4_Keil.lib(gui_getcolor.o)
    0x0800817e   0x00000002   PAD
    0x08008180   0x00000010   Code   RO         1384    i.GUI_GetFontDistY  STemWin532_CM4_Keil.lib(gui_char.o)
    0x08008190   0x00000030   Code   RO         1385    i.GUI_GetYAdjust    STemWin532_CM4_Keil.lib(gui_char.o)
    0x080081c0   0x00000010   Code   RO         1101    i.GUI_GetpfColor2IndexEx  STemWin532_CM4_Keil.lib(lcd_getex.o)
    0x080081d0   0x00000010   Code   RO         1102    i.GUI_GetpfIndex2ColorEx  STemWin532_CM4_Keil.lib(lcd_getex.o)
    0x080081e0   0x00000014   Code   RO         1424    i.GUI_GotoXY        STemWin532_CM4_Keil.lib(gui_goto.o)
    0x080081f4   0x00000084   Code   RO         1014    i.GUI_Init          STemWin532_CM4_Keil.lib(gui_core.o)
    0x08008278   0x00000040   Code   RO         1816    i.GUI_MEMDEV_Delete  STemWin532_CM4_Keil.lib(guidev.o)
    0x080082b8   0x00000024   Code   RO         1817    i.GUI_MEMDEV_GetBitsPerPixel  STemWin532_CM4_Keil.lib(guidev.o)
    0x080082dc   0x0000001a   Code   RO         1839    i.GUI_MEMDEV_GetDataPtr  STemWin532_CM4_Keil.lib(guidev_getdataptr.o)
    0x080082f6   0x0000003e   Code   RO         1549    i.GUI_MEMDEV__WriteToActiveOpaque  STemWin532_CM4_Keil.lib(guidev_writetoactiveopaque.o)
    0x08008334   0x00000058   Code   RO         1709    i.GUI_MergeRect     STemWin532_CM4_Keil.lib(gui_mergerect.o)
    0x0800838c   0x0000001e   Code   RO         1711    i.GUI_MoveRect      STemWin532_CM4_Keil.lib(gui_moverect.o)
    0x080083aa   0x00000038   Code   RO         1755    i.GUI_RectsIntersect  STemWin532_CM4_Keil.lib(gui_rectsintersect.o)
    0x080083e2   0x00000012   Code   RO         1984    i.GUI_SelectLCD     STemWin532_CM4_Keil.lib(gui_selectlcd.o)
    0x080083f4   0x00000030   Code   RO         1765    i.GUI_SelectLayer   STemWin532_CM4_Keil.lib(gui_selectlayer.o)
    0x08008424   0x00000004   Code   RO         1069    i.GUI_SetBkColor    STemWin532_CM4_Keil.lib(gui_setcolor.o)
    0x08008428   0x00000004   Code   RO         1070    i.GUI_SetColor      STemWin532_CM4_Keil.lib(gui_setcolor.o)
    0x0800842c   0x0000000c   Code   RO         1016    i.GUI_SetDefaultFont  STemWin532_CM4_Keil.lib(gui_core.o)
    0x08008438   0x00000014   Code   RO         1073    i.GUI_SetFont       STemWin532_CM4_Keil.lib(gui_setfont.o)
    0x0800844c   0x00000038   Code   RO         1433    i.GUI_SetOrg        STemWin532_CM4_Keil.lib(gui_setorg.o)
    0x08008484   0x00000010   Code   RO         1787    i.GUI_SignalEvent   STemWin532_CM4_Keil.lib(gui_waitevent.o)
    0x08008494   0x00000010   Code   RO         1719    i.GUI_StoreKey      STemWin532_CM4_Keil.lib(gui_onkey.o)
    0x080084a4   0x00000492   Code   RO         1443    i.GUI_TOUCH_CalcCoefficients  STemWin532_CM4_Keil.lib(gui_touch_calibrate.o)
    0x08008936   0x00000002   PAD
    0x08008938   0x000000c8   Code   RO         1075    i.GUI_TOUCH_Calibrate  STemWin532_CM4_Keil.lib(gui_touch_driveranalog.o)
    0x08008a00   0x0000000c   Code   RO         1079    i.GUI_TOUCH_SetOrientation  STemWin532_CM4_Keil.lib(gui_touch_driveranalog.o)
    0x08008a0c   0x0000002c   Code   RO         1468    i.GUI_UC__GetCharCodeInc  STemWin532_CM4_Keil.lib(gui_uc.o)
    0x08008a38   0x00000028   Code   RO         1470    i.GUI_UC__NumChars2NumBytes  STemWin532_CM4_Keil.lib(gui_uc.o)
    0x08008a60   0x00000028   Code   RO         1543    i.GUI_USAGE_AddRect  STemWin532_CM4_Keil.lib(guidev_usage.o)
    0x08008a88   0x00000024   Code   RO         1544    i.GUI_USAGE_DecUseCnt  STemWin532_CM4_Keil.lib(guidev_usage.o)
    0x08008aac   0x00000124   Code   RO         1676    i.GUI__CompactPixelIndices  STemWin532_CM4_Keil.lib(gui__compactpixelindices.o)
    0x08008bd0   0x00000034   Code   RO         1018    i.GUI__Config       STemWin532_CM4_Keil.lib(gui_core.o)
    0x08008c04   0x000000b0   Code   RO         1392    i.GUI__DispLine     STemWin532_CM4_Keil.lib(gui_charline.o)
    0x08008cb4   0x00000054   Code   RO         1393    i.GUI__GetLineDistX  STemWin532_CM4_Keil.lib(gui_charline.o)
    0x08008d08   0x00000038   Code   RO         1394    i.GUI__GetLineNumChars  STemWin532_CM4_Keil.lib(gui_charline.o)
    0x08008d40   0x00000018   Code   RO         1395    i.GUI__GetOverlap   STemWin532_CM4_Keil.lib(gui_charline.o)
    0x08008d58   0x0000003a   Code   RO         1682    i.GUI__IntersectRect  STemWin532_CM4_Keil.lib(gui__intersectrect.o)
    0x08008d92   0x00000052   Code   RO         1684    i.GUI__IntersectRects  STemWin532_CM4_Keil.lib(gui__intersectrects.o)
    0x08008de4   0x00000010   Code   RO         1688    i.GUI__ManageCache  STemWin532_CM4_Keil.lib(gui__managecache.o)
    0x08008df4   0x000000d4   Code   RO         1689    i.GUI__ManageCacheEx  STemWin532_CM4_Keil.lib(gui__managecache.o)
    0x08008ec8   0x00000010   Code   RO         1019    i.GUI__RegisterExit  STemWin532_CM4_Keil.lib(gui_core.o)
    0x08008ed8   0x0000004c   Code   RO         1376    i.GUI__memset       STemWin532_CM4_Keil.lib(gui__memset.o)
    0x08008f24   0x0000003c   Code   RO         1378    i.GUI__memset16     STemWin532_CM4_Keil.lib(gui__memset16.o)
    0x08008f60   0x0000001c   Code   RO         1489    i.LCD_Color2Index   STemWin532_CM4_Keil.lib(lcd.o)
    0x08008f7c   0x00000204   Code   RO         1490    i.LCD_DrawBitmap    STemWin532_CM4_Keil.lib(lcd.o)
    0x08009180   0x00000058   Code   RO         1491    i.LCD_DrawHLine     STemWin532_CM4_Keil.lib(lcd.o)
    0x080091d8   0x00000068   Code   RO         1492    i.LCD_DrawPixel     STemWin532_CM4_Keil.lib(lcd.o)
    0x08009240   0x00000058   Code   RO         1494    i.LCD_FillRect      STemWin532_CM4_Keil.lib(lcd.o)
    0x08009298   0x00000006   Code   RO         1104    i.LCD_GetBitsPerPixelEx  STemWin532_CM4_Keil.lib(lcd_getex.o)
    0x0800929e   0x00000002   PAD
    0x080092a0   0x00000010   Code   RO         2112    i.LCD_GetBkColorIndex  STemWin532_CM4_Keil.lib(lcd_getcolorindex.o)
    0x080092b0   0x00000010   Code   RO         2113    i.LCD_GetColorIndex  STemWin532_CM4_Keil.lib(lcd_getcolorindex.o)
    0x080092c0   0x00000010   Code   RO         1111    i.LCD_GetNumColors  STemWin532_CM4_Keil.lib(lcd_getex.o)
    0x080092d0   0x00000006   Code   RO         1112    i.LCD_GetNumColorsEx  STemWin532_CM4_Keil.lib(lcd_getex.o)
    0x080092d6   0x0000001a   Code   RO         1808    i.LCD_GetNumLayers  STemWin532_CM4_Keil.lib(lcd_getnumdisplays.o)
    0x080092f0   0x00000010   Code   RO         1113    i.LCD_GetPalette    STemWin532_CM4_Keil.lib(lcd_getex.o)
    0x08009300   0x00000018   Code   RO         1114    i.LCD_GetPaletteEx  STemWin532_CM4_Keil.lib(lcd_getex.o)
    0x08009318   0x0000000c   Code   RO         1126    i.LCD_GetXSizeDisplay  STemWin532_CM4_Keil.lib(lcd_getex.o)
    0x08009324   0x00000006   Code   RO         1127    i.LCD_GetXSizeEx    STemWin532_CM4_Keil.lib(lcd_getex.o)
    0x0800932a   0x00000006   Code   RO         1128    i.LCD_GetXSizeMax   STemWin532_CM4_Keil.lib(lcd_getex.o)
    0x08009330   0x0000000c   Code   RO         1132    i.LCD_GetYSizeDisplay  STemWin532_CM4_Keil.lib(lcd_getex.o)
    0x0800933c   0x00000006   Code   RO         1133    i.LCD_GetYSizeEx    STemWin532_CM4_Keil.lib(lcd_getex.o)
    0x08009342   0x00000006   Code   RO         1134    i.LCD_GetYSizeMax   STemWin532_CM4_Keil.lib(lcd_getex.o)
    0x08009348   0x00000004   Code   RO         1528    i.LCD_GetpPalConvTableBM  STemWin532_CM4_Keil.lib(lcd_color.o)
    0x0800934c   0x00000048   Code   RO         1529    i.LCD_GetpPalConvTableUncached  STemWin532_CM4_Keil.lib(lcd_color.o)
    0x08009394   0x0000001c   Code   RO         1495    i.LCD_Index2Color   STemWin532_CM4_Keil.lib(lcd.o)
    0x080093b0   0x0000002c   Code   RO         1087    i.LCD_Index2Color_M565  STemWin532_CM4_Keil.lib(guicc_m565.o)
    0x080093dc   0x00000034   Code   RO         1530    i.LCD_InitColors    STemWin532_CM4_Keil.lib(lcd_color.o)
    0x08009410   0x0000007c   Code   RO         1531    i.LCD_InitLUT       STemWin532_CM4_Keil.lib(lcd_color.o)
    0x0800948c   0x00000040   Code   RO         2381    i.LCD_SelectLCD     STemWin532_CM4_Keil.lib(lcd_selectlcd.o)
    0x080094cc   0x0000000c   Code   RO         1496    i.LCD_SetBkColor    STemWin532_CM4_Keil.lib(lcd.o)
    0x080094d8   0x00000018   Code   RO         1497    i.LCD_SetBkColorIndex  STemWin532_CM4_Keil.lib(lcd.o)
    0x080094f0   0x00000030   Code   RO         1810    i.LCD_SetClipRectEx  STemWin532_CM4_Keil.lib(lcd_setcliprectex.o)
    0x08009520   0x0000001c   Code   RO         1498    i.LCD_SetClipRectMax  STemWin532_CM4_Keil.lib(lcd.o)
    0x0800953c   0x0000000c   Code   RO         1499    i.LCD_SetColor      STemWin532_CM4_Keil.lib(lcd.o)
    0x08009548   0x00000018   Code   RO         1500    i.LCD_SetColorIndex  STemWin532_CM4_Keil.lib(lcd.o)
    0x08009560   0x0000000c   Code   RO         1137    i.LCD_SetDisplaySize  STemWin532_CM4_Keil.lib(lcd_getex.o)
    0x0800956c   0x0000000c   Code   RO         1501    i.LCD_SetDrawMode   STemWin532_CM4_Keil.lib(lcd.o)
    0x08009578   0x0000002c   Code   RO         1199    i.LCD_SetLUTEntryEx  STemWin532_CM4_Keil.lib(lcd_set.o)
    0x080095a4   0x0000002c   Code   RO         1203    i.LCD_SetSizeEx     STemWin532_CM4_Keil.lib(lcd_set.o)
    0x080095d0   0x0000002c   Code   RO         1207    i.LCD_SetVSizeEx    STemWin532_CM4_Keil.lib(lcd_set.o)
    0x080095fc   0x00000024   Code   RO         2116    i.LCD_UpdateColorIndices  STemWin532_CM4_Keil.lib(lcd_updatecolorindices.o)
    0x08009620   0x000001b4   Code   RO         1502    i.LCD__DrawBitmap_1bpp  STemWin532_CM4_Keil.lib(lcd.o)
    0x080097d4   0x0000005c   Code   RO         1138    i.LCD__GetBPP       STemWin532_CM4_Keil.lib(lcd_getex.o)
    0x08009830   0x00000032   Code   RO         1139    i.LCD__GetBPPDevice  STemWin532_CM4_Keil.lib(lcd_getex.o)
    0x08009862   0x00000002   PAD
    0x08009864   0x00000010   Code   RO         1560    i.WM_Activate       STemWin532_CM4_Keil.lib(wm.o)
    0x08009874   0x0000007e   Code   RO         1867    i.WM_BringToBottom  STemWin532_CM4_Keil.lib(wm_bringtobottom.o)
    0x080098f2   0x00000002   PAD
    0x080098f4   0x00000148   Code   RO         1562    i.WM_CreateWindowAsChild  STemWin532_CM4_Keil.lib(wm.o)
    0x08009a3c   0x00000046   Code   RO         1564    i.WM_DefaultProc    STemWin532_CM4_Keil.lib(wm.o)
    0x08009a82   0x00000002   PAD
    0x08009a84   0x00000018   Code   RO         1674    i.WM_GetDesktopWindow  STemWin532_CM4_Keil.lib(wm_getdesktopwindow.o)
    0x08009a9c   0x0000000e   Code   RO         1879    i.WM_GetFirstChild  STemWin532_CM4_Keil.lib(wm_getfirstchild.o)
    0x08009aaa   0x0000000e   Code   RO         2212    i.WM_GetParent      STemWin532_CM4_Keil.lib(wm_getparent.o)
    0x08009ab8   0x000000d4   Code   RO         1569    i.WM_Init           STemWin532_CM4_Keil.lib(wm.o)
    0x08009b8c   0x00000076   Code   RO         1570    i.WM_InvalidateRect  STemWin532_CM4_Keil.lib(wm.o)
    0x08009c02   0x00000006   Code   RO         1571    i.WM_InvalidateWindow  STemWin532_CM4_Keil.lib(wm.o)
    0x08009c08   0x0000005e   Code   RO         1572    i.WM_InvalidateWindowAndDescsEx  STemWin532_CM4_Keil.lib(wm.o)
    0x08009c66   0x00000002   PAD
    0x08009c68   0x0000003c   Code   RO         1573    i.WM_SelectWindow   STemWin532_CM4_Keil.lib(wm.o)
    0x08009ca4   0x0000001e   Code   RO         1885    i.WM_SendToParent   STemWin532_CM4_Keil.lib(wm_sendtoparent.o)
    0x08009cc2   0x00000002   PAD
    0x08009cc4   0x00000048   Code   RO         1576    i.WM__ActivateClipRect  STemWin532_CM4_Keil.lib(wm.o)
    0x08009d0c   0x00000010   Code   RO         1869    i.WM__AddCriticalHandle  STemWin532_CM4_Keil.lib(wm_criticalhandle.o)
    0x08009d1c   0x00000010   Code   RO         1577    i.WM__Client2Screen  STemWin532_CM4_Keil.lib(wm.o)
    0x08009d2c   0x0000004e   Code   RO         1578    i.WM__ClipAtParentBorders  STemWin532_CM4_Keil.lib(wm.o)
    0x08009d7a   0x00000020   Code   RO         1875    i.WM__GetClientRectEx  STemWin532_CM4_Keil.lib(wm_getclientrect.o)
    0x08009d9a   0x00000018   Code   RO         1581    i.WM__GetClientRectWin  STemWin532_CM4_Keil.lib(wm.o)
    0x08009db2   0x00000012   Code   RO         2385    i.WM__GetFirstSibling  STemWin532_CM4_Keil.lib(wm__getfirstsibling.o)
    0x08009dc4   0x00000040   Code   RO         1582    i.WM__GetNextIVR    STemWin532_CM4_Keil.lib(wm.o)
    0x08009e04   0x00000024   Code   RO         2192    i.WM__GetPrevSibling  STemWin532_CM4_Keil.lib(wm__getprevsibling.o)
    0x08009e28   0x00000018   Code   RO         1583    i.WM__GetTopLevelLayer  STemWin532_CM4_Keil.lib(wm.o)
    0x08009e40   0x000000f0   Code   RO         1584    i.WM__InitIVRSearch  STemWin532_CM4_Keil.lib(wm.o)
    0x08009f30   0x000000a4   Code   RO         1585    i.WM__InsertWindowIntoList  STemWin532_CM4_Keil.lib(wm.o)
    0x08009fd4   0x00000006   Code   RO         1586    i.WM__Invalidate1Abs  STemWin532_CM4_Keil.lib(wm.o)
    0x08009fda   0x00000002   PAD
    0x08009fdc   0x00000054   Code   RO         1587    i.WM__InvalidateDrawAndDescs  STemWin532_CM4_Keil.lib(wm.o)
    0x0800a030   0x00000076   Code   RO         1589    i.WM__InvalidateRect  STemWin532_CM4_Keil.lib(wm.o)
    0x0800a0a6   0x00000006   Code   RO         1590    i.WM__InvalidateRectEx  STemWin532_CM4_Keil.lib(wm.o)
    0x0800a0ac   0x00000020   Code   RO         1595    i.WM__RectIsNZ      STemWin532_CM4_Keil.lib(wm.o)
    0x0800a0cc   0x00000014   Code   RO         1597    i.WM__SelectTopLevelLayer  STemWin532_CM4_Keil.lib(wm.o)
    0x0800a0e0   0x0000003c   Code   RO         1864    i.WM__SendMessage   STemWin532_CM4_Keil.lib(wm__sendmessage.o)
    0x0800a11c   0x0000000e   Code   RO         1598    i.WM__SendMsgNoData  STemWin532_CM4_Keil.lib(wm.o)
    0x0800a12a   0x00000002   PAD
    0x0800a12c   0x00000090   Code   RO          960    i._AddFreeMemory    STemWin532_CM4_Keil.lib(gui_alloc.o)
    0x0800a1bc   0x000000b8   Code   RO          961    i._Alloc            STemWin532_CM4_Keil.lib(gui_alloc.o)
    0x0800a274   0x00000004   Code   RO         1479    i._CalcSizeOfChar   STemWin532_CM4_Keil.lib(gui_uc_encodenone.o)
    0x0800a278   0x0000004c   Code   RO         1088    i._Color2IndexBulk  STemWin532_CM4_Keil.lib(guicc_m565.o)
    0x0800a2c4   0x00000054   Code   RO         1799    i._Color2Index_0    STemWin532_CM4_Keil.lib(guicc_0.o)
    0x0800a318   0x0000002c   Code   RO         1089    i._Color2Index_M565  STemWin532_CM4_Keil.lib(guicc_m565.o)
    0x0800a344   0x0000003e   Code   RO         1550    i._Convert16        STemWin532_CM4_Keil.lib(guidev_writetoactiveopaque.o)
    0x0800a382   0x0000003e   Code   RO         1551    i._Convert8         STemWin532_CM4_Keil.lib(guidev_writetoactiveopaque.o)
    0x0800a3c0   0x00000020   Code   RO         1600    i._DesktopHandle2Index  STemWin532_CM4_Keil.lib(wm.o)
    0x0800a3e0   0x00000074   Code   RO         1396    i._DispLine         STemWin532_CM4_Keil.lib(gui_charline.o)
    0x0800a454   0x00000148   Code   RO         1339    i._DrawBitLine1BPP  STemWin532_CM4_Keil.lib(guidev_16.o)
    0x0800a59c   0x000000e0   Code   RO         1340    i._DrawBitLine2BPP  STemWin532_CM4_Keil.lib(guidev_16.o)
    0x0800a67c   0x00000160   Code   RO         1341    i._DrawBitLine4BPP  STemWin532_CM4_Keil.lib(guidev_16.o)
    0x0800a7dc   0x000002a0   Code   RO         1342    i._DrawBitmap       STemWin532_CM4_Keil.lib(guidev_16.o)
    0x0800aa7c   0x0000000a   Code   RO         1343    i._DrawHLine        STemWin532_CM4_Keil.lib(guidev_16.o)
    0x0800aa86   0x00000002   PAD
    0x0800aa88   0x000000b8   Code   RO         1344    i._DrawVLine        STemWin532_CM4_Keil.lib(guidev_16.o)
    0x0800ab40   0x00000006   Code   RO         1480    i._Encode           STemWin532_CM4_Keil.lib(gui_uc_encodenone.o)
    0x0800ab46   0x00000002   PAD
    0x0800ab48   0x00000098   Code   RO          962    i._EnlargeBlocks    STemWin532_CM4_Keil.lib(gui_alloc.o)
    0x0800abe0   0x000000ac   Code   RO         1345    i._FillRect         STemWin532_CM4_Keil.lib(guidev_16.o)
    0x0800ac8c   0x00000148   Code   RO         1603    i._FindNext_IVR     STemWin532_CM4_Keil.lib(wm.o)
    0x0800add4   0x0000007c   Code   RO         1604    i._Findx0           STemWin532_CM4_Keil.lib(wm.o)
    0x0800ae50   0x00000072   Code   RO         1605    i._Findx1           STemWin532_CM4_Keil.lib(wm.o)
    0x0800aec2   0x000000a6   Code   RO         1606    i._Findy1           STemWin532_CM4_Keil.lib(wm.o)
    0x0800af68   0x00000004   Code   RO         1481    i._GetCharCode      STemWin532_CM4_Keil.lib(gui_uc_encodenone.o)
    0x0800af6c   0x00000004   Code   RO         1482    i._GetCharSize      STemWin532_CM4_Keil.lib(gui_uc_encodenone.o)
    0x0800af70   0x00000010   Code   RO         1346    i._GetDevData       STemWin532_CM4_Keil.lib(guidev_16.o)
    0x0800af80   0x00000010   Code   RO         1347    i._GetDevFunc       STemWin532_CM4_Keil.lib(guidev_16.o)
    0x0800af90   0x0000001e   Code   RO         1140    i._GetDevProp       STemWin532_CM4_Keil.lib(lcd_getex.o)
    0x0800afae   0x00000010   Code   RO         1348    i._GetDevProp       STemWin532_CM4_Keil.lib(guidev_16.o)
    0x0800afbe   0x00000052   Code   RO         1800    i._GetIndexMask_0   STemWin532_CM4_Keil.lib(guicc_0.o)
    0x0800b010   0x00000006   Code   RO         1090    i._GetIndexMask_M565  STemWin532_CM4_Keil.lib(guicc_m565.o)
    0x0800b016   0x0000001e   Code   RO         1141    i._GetMaxValue      STemWin532_CM4_Keil.lib(lcd_getex.o)
    0x0800b034   0x0000001c   Code   RO          963    i._GetMinIndex      STemWin532_CM4_Keil.lib(gui_alloc.o)
    0x0800b050   0x0000000e   Code   RO         1349    i._GetPixelIndex    STemWin532_CM4_Keil.lib(guidev_16.o)
    0x0800b05e   0x00000030   Code   RO         1350    i._GetRect          STemWin532_CM4_Keil.lib(guidev_16.o)
    0x0800b08e   0x00000002   PAD
    0x0800b090   0x00000010   Code   RO         1426    i._GotoX            STemWin532_CM4_Keil.lib(gui_goto.o)
    0x0800b0a0   0x00000010   Code   RO         1427    i._GotoY            STemWin532_CM4_Keil.lib(gui_goto.o)
    0x0800b0b0   0x00000058   Code   RO         1091    i._Index2ColorBulk  STemWin532_CM4_Keil.lib(guicc_m565.o)
    0x0800b108   0x00000020   Code   RO         1801    i._Index2Color_0    STemWin532_CM4_Keil.lib(guicc_0.o)
    0x0800b128   0x00000070   Code   RO         1020    i._InitContext      STemWin532_CM4_Keil.lib(gui_core.o)
    0x0800b198   0x000000a8   Code   RO          964    i._InitOnce         STemWin532_CM4_Keil.lib(gui_alloc.o)
    0x0800b240   0x00000080   Code   RO         1607    i._Invalidate1Abs   STemWin532_CM4_Keil.lib(wm.o)
    0x0800b2c0   0x00000050   Code   RO         1447    i._Log2PhysX        STemWin532_CM4_Keil.lib(gui_touch_calibrate.o)
    0x0800b310   0x00000050   Code   RO         1448    i._Log2PhysY        STemWin532_CM4_Keil.lib(gui_touch_calibrate.o)
    0x0800b360   0x00000002   Code   RO         1397    i._Log2VisBuffered  STemWin532_CM4_Keil.lib(gui_charline.o)
    0x0800b362   0x00000002   PAD
    0x0800b364   0x00000034   Code   RO          965    i._OnExit           STemWin532_CM4_Keil.lib(gui_alloc.o)
    0x0800b398   0x0000002c   Code   RO         1021    i._OnExit           STemWin532_CM4_Keil.lib(gui_core.o)
    0x0800b3c4   0x00000014   Code   RO         1533    i._OnExit           STemWin532_CM4_Keil.lib(lcd_color.o)
    0x0800b3d8   0x00000034   Code   RO         1608    i._OnExit           STemWin532_CM4_Keil.lib(wm.o)
    0x0800b40c   0x00000040   Code   RO          966    i._PopFreeBlock     STemWin532_CM4_Keil.lib(gui_alloc.o)
    0x0800b44c   0x00000028   Code   RO          967    i._PushFreeBlock    STemWin532_CM4_Keil.lib(gui_alloc.o)
    0x0800b474   0x00000034   Code   RO          968    i._RemoveFreeBlock  STemWin532_CM4_Keil.lib(gui_alloc.o)
    0x0800b4a8   0x000000a0   Code   RO          969    i._RemoveHoles      STemWin532_CM4_Keil.lib(gui_alloc.o)
    0x0800b548   0x00000020   Code   RO         1503    i._SetBkColor       STemWin532_CM4_Keil.lib(lcd.o)
    0x0800b568   0x0000004c   Code   RO         1612    i._SetClipRectUserIntersect  STemWin532_CM4_Keil.lib(wm.o)
    0x0800b5b4   0x00000020   Code   RO         1504    i._SetColor         STemWin532_CM4_Keil.lib(lcd.o)
    0x0800b5d4   0x0000002c   Code   RO         1505    i._SetDrawMode      STemWin532_CM4_Keil.lib(lcd.o)
    0x0800b600   0x0000000e   Code   RO         1351    i._SetOrg           STemWin532_CM4_Keil.lib(guidev_16.o)
    0x0800b60e   0x00000002   PAD
    0x0800b610   0x00000048   Code   RO         1352    i._SetPixelIndex    STemWin532_CM4_Keil.lib(guidev_16.o)
    0x0800b658   0x000000ea   Code   RO          970    i._TestRAM          STemWin532_CM4_Keil.lib(gui_alloc.o)
    0x0800b742   0x0000000e   Code   RO          971    i._WriteTagData     STemWin532_CM4_Keil.lib(gui_alloc.o)
    0x0800b750   0x00000340   Code   RO         1552    i._WriteToActiveOpaque_8  STemWin532_CM4_Keil.lib(guidev_writetoactiveopaque.o)
    0x0800ba90   0x00000344   Code   RO         1553    i._WriteToActiveOpaque_HT  STemWin532_CM4_Keil.lib(guidev_writetoactiveopaque.o)
    0x0800bdd4   0x0000003c   Code   RO         1353    i._XY2PTR           STemWin532_CM4_Keil.lib(guidev_16.o)
    0x0800be10   0x00000054   Code   RO         1354    i._XorPixel         STemWin532_CM4_Keil.lib(guidev_16.o)
    0x0800be64   0x00000050   Code   RO         1613    i._cbBackWin        STemWin532_CM4_Keil.lib(wm.o)
    0x0800beb4   0x0000008a   Code   RO         1506    i.emWin_LCD_Init    STemWin532_CM4_Keil.lib(lcd.o)
    0x0800bf3e   0x0000000a   Code   RO         2657    x$fpl$fpinit        fz_wm.l(fpinit.o)
    0x0800bf48   0x000017c0   Data   RO          326    .constdata          ili93x.o
    0x0800d708   0x0000001c   Data   RO          673    .constdata          stm32f4xx_fsmc.o
    0x0800d724   0x00000024   Data   RO          763    .constdata          malloc.o
    0x0800d748   0x00000034   Data   RO          829    .constdata          guidrv_template.o
    0x0800d77c   0x00000008   Data   RO         1023    .constdata          STemWin532_CM4_Keil.lib(gui_core.o)
    0x0800d784   0x00000018   Data   RO         1092    .constdata          STemWin532_CM4_Keil.lib(guicc_m565.o)
    0x0800d79c   0x00000518   Data   RO         1235    .constdata          STemWin532_CM4_Keil.lib(f6x8.o)
    0x0800dcb4   0x000001c0   Data   RO         1236    .constdata          STemWin532_CM4_Keil.lib(f6x8.o)
    0x0800de74   0x00000008   Data   RO         1237    .constdata          STemWin532_CM4_Keil.lib(f6x8.o)
    0x0800de7c   0x00000014   Data   RO         1238    .constdata          STemWin532_CM4_Keil.lib(f6x8.o)
    0x0800de90   0x00000024   Data   RO         1239    .constdata          STemWin532_CM4_Keil.lib(f6x8.o)
    0x0800deb4   0x00000018   Data   RO         1241    .constdata          STemWin532_CM4_Keil.lib(f24_ascii.o)
    0x0800decc   0x00000018   Data   RO         1242    .constdata          STemWin532_CM4_Keil.lib(f24_ascii.o)
    0x0800dee4   0x00000018   Data   RO         1243    .constdata          STemWin532_CM4_Keil.lib(f24_ascii.o)
    0x0800defc   0x00000030   Data   RO         1244    .constdata          STemWin532_CM4_Keil.lib(f24_ascii.o)
    0x0800df2c   0x00000030   Data   RO         1245    .constdata          STemWin532_CM4_Keil.lib(f24_ascii.o)
    0x0800df5c   0x00000048   Data   RO         1246    .constdata          STemWin532_CM4_Keil.lib(f24_ascii.o)
    0x0800dfa4   0x00000030   Data   RO         1247    .constdata          STemWin532_CM4_Keil.lib(f24_ascii.o)
    0x0800dfd4   0x00000018   Data   RO         1248    .constdata          STemWin532_CM4_Keil.lib(f24_ascii.o)
    0x0800dfec   0x00000018   Data   RO         1249    .constdata          STemWin532_CM4_Keil.lib(f24_ascii.o)
    0x0800e004   0x00000018   Data   RO         1250    .constdata          STemWin532_CM4_Keil.lib(f24_ascii.o)
    0x0800e01c   0x00000018   Data   RO         1251    .constdata          STemWin532_CM4_Keil.lib(f24_ascii.o)
    0x0800e034   0x00000030   Data   RO         1252    .constdata          STemWin532_CM4_Keil.lib(f24_ascii.o)
    0x0800e064   0x00000018   Data   RO         1253    .constdata          STemWin532_CM4_Keil.lib(f24_ascii.o)
    0x0800e07c   0x00000018   Data   RO         1254    .constdata          STemWin532_CM4_Keil.lib(f24_ascii.o)
    0x0800e094   0x00000018   Data   RO         1255    .constdata          STemWin532_CM4_Keil.lib(f24_ascii.o)
    0x0800e0ac   0x00000018   Data   RO         1256    .constdata          STemWin532_CM4_Keil.lib(f24_ascii.o)
    0x0800e0c4   0x00000030   Data   RO         1257    .constdata          STemWin532_CM4_Keil.lib(f24_ascii.o)
    0x0800e0f4   0x00000030   Data   RO         1258    .constdata          STemWin532_CM4_Keil.lib(f24_ascii.o)
    0x0800e124   0x00000030   Data   RO         1259    .constdata          STemWin532_CM4_Keil.lib(f24_ascii.o)
    0x0800e154   0x00000030   Data   RO         1260    .constdata          STemWin532_CM4_Keil.lib(f24_ascii.o)
    0x0800e184   0x00000030   Data   RO         1261    .constdata          STemWin532_CM4_Keil.lib(f24_ascii.o)
    0x0800e1b4   0x00000030   Data   RO         1262    .constdata          STemWin532_CM4_Keil.lib(f24_ascii.o)
    0x0800e1e4   0x00000030   Data   RO         1263    .constdata          STemWin532_CM4_Keil.lib(f24_ascii.o)
    0x0800e214   0x00000030   Data   RO         1264    .constdata          STemWin532_CM4_Keil.lib(f24_ascii.o)
    0x0800e244   0x00000030   Data   RO         1265    .constdata          STemWin532_CM4_Keil.lib(f24_ascii.o)
    0x0800e274   0x00000030   Data   RO         1266    .constdata          STemWin532_CM4_Keil.lib(f24_ascii.o)
    0x0800e2a4   0x00000018   Data   RO         1267    .constdata          STemWin532_CM4_Keil.lib(f24_ascii.o)
    0x0800e2bc   0x00000018   Data   RO         1268    .constdata          STemWin532_CM4_Keil.lib(f24_ascii.o)
    0x0800e2d4   0x00000030   Data   RO         1269    .constdata          STemWin532_CM4_Keil.lib(f24_ascii.o)
    0x0800e304   0x00000030   Data   RO         1270    .constdata          STemWin532_CM4_Keil.lib(f24_ascii.o)
    0x0800e334   0x00000030   Data   RO         1271    .constdata          STemWin532_CM4_Keil.lib(f24_ascii.o)
    0x0800e364   0x00000030   Data   RO         1272    .constdata          STemWin532_CM4_Keil.lib(f24_ascii.o)
    0x0800e394   0x00000048   Data   RO         1273    .constdata          STemWin532_CM4_Keil.lib(f24_ascii.o)
    0x0800e3dc   0x00000030   Data   RO         1274    .constdata          STemWin532_CM4_Keil.lib(f24_ascii.o)
    0x0800e40c   0x00000030   Data   RO         1275    .constdata          STemWin532_CM4_Keil.lib(f24_ascii.o)
    0x0800e43c   0x00000030   Data   RO         1276    .constdata          STemWin532_CM4_Keil.lib(f24_ascii.o)
    0x0800e46c   0x00000030   Data   RO         1277    .constdata          STemWin532_CM4_Keil.lib(f24_ascii.o)
    0x0800e49c   0x00000030   Data   RO         1278    .constdata          STemWin532_CM4_Keil.lib(f24_ascii.o)
    0x0800e4cc   0x00000030   Data   RO         1279    .constdata          STemWin532_CM4_Keil.lib(f24_ascii.o)
    0x0800e4fc   0x00000030   Data   RO         1280    .constdata          STemWin532_CM4_Keil.lib(f24_ascii.o)
    0x0800e52c   0x00000030   Data   RO         1281    .constdata          STemWin532_CM4_Keil.lib(f24_ascii.o)
    0x0800e55c   0x00000018   Data   RO         1282    .constdata          STemWin532_CM4_Keil.lib(f24_ascii.o)
    0x0800e574   0x00000030   Data   RO         1283    .constdata          STemWin532_CM4_Keil.lib(f24_ascii.o)
    0x0800e5a4   0x00000030   Data   RO         1284    .constdata          STemWin532_CM4_Keil.lib(f24_ascii.o)
    0x0800e5d4   0x00000030   Data   RO         1285    .constdata          STemWin532_CM4_Keil.lib(f24_ascii.o)
    0x0800e604   0x00000048   Data   RO         1286    .constdata          STemWin532_CM4_Keil.lib(f24_ascii.o)
    0x0800e64c   0x00000030   Data   RO         1287    .constdata          STemWin532_CM4_Keil.lib(f24_ascii.o)
    0x0800e67c   0x00000030   Data   RO         1288    .constdata          STemWin532_CM4_Keil.lib(f24_ascii.o)
    0x0800e6ac   0x00000030   Data   RO         1289    .constdata          STemWin532_CM4_Keil.lib(f24_ascii.o)
    0x0800e6dc   0x00000030   Data   RO         1290    .constdata          STemWin532_CM4_Keil.lib(f24_ascii.o)
    0x0800e70c   0x00000030   Data   RO         1291    .constdata          STemWin532_CM4_Keil.lib(f24_ascii.o)
    0x0800e73c   0x00000030   Data   RO         1292    .constdata          STemWin532_CM4_Keil.lib(f24_ascii.o)
    0x0800e76c   0x00000030   Data   RO         1293    .constdata          STemWin532_CM4_Keil.lib(f24_ascii.o)
    0x0800e79c   0x00000030   Data   RO         1294    .constdata          STemWin532_CM4_Keil.lib(f24_ascii.o)
    0x0800e7cc   0x00000030   Data   RO         1295    .constdata          STemWin532_CM4_Keil.lib(f24_ascii.o)
    0x0800e7fc   0x00000048   Data   RO         1296    .constdata          STemWin532_CM4_Keil.lib(f24_ascii.o)
    0x0800e844   0x00000030   Data   RO         1297    .constdata          STemWin532_CM4_Keil.lib(f24_ascii.o)
    0x0800e874   0x00000030   Data   RO         1298    .constdata          STemWin532_CM4_Keil.lib(f24_ascii.o)
    0x0800e8a4   0x00000030   Data   RO         1299    .constdata          STemWin532_CM4_Keil.lib(f24_ascii.o)
    0x0800e8d4   0x00000018   Data   RO         1300    .constdata          STemWin532_CM4_Keil.lib(f24_ascii.o)
    0x0800e8ec   0x00000018   Data   RO         1301    .constdata          STemWin532_CM4_Keil.lib(f24_ascii.o)
    0x0800e904   0x00000018   Data   RO         1302    .constdata          STemWin532_CM4_Keil.lib(f24_ascii.o)
    0x0800e91c   0x00000018   Data   RO         1303    .constdata          STemWin532_CM4_Keil.lib(f24_ascii.o)
    0x0800e934   0x00000030   Data   RO         1304    .constdata          STemWin532_CM4_Keil.lib(f24_ascii.o)
    0x0800e964   0x00000018   Data   RO         1305    .constdata          STemWin532_CM4_Keil.lib(f24_ascii.o)
    0x0800e97c   0x00000030   Data   RO         1306    .constdata          STemWin532_CM4_Keil.lib(f24_ascii.o)
    0x0800e9ac   0x00000030   Data   RO         1307    .constdata          STemWin532_CM4_Keil.lib(f24_ascii.o)
    0x0800e9dc   0x00000030   Data   RO         1308    .constdata          STemWin532_CM4_Keil.lib(f24_ascii.o)
    0x0800ea0c   0x00000030   Data   RO         1309    .constdata          STemWin532_CM4_Keil.lib(f24_ascii.o)
    0x0800ea3c   0x00000030   Data   RO         1310    .constdata          STemWin532_CM4_Keil.lib(f24_ascii.o)
    0x0800ea6c   0x00000018   Data   RO         1311    .constdata          STemWin532_CM4_Keil.lib(f24_ascii.o)
    0x0800ea84   0x00000030   Data   RO         1312    .constdata          STemWin532_CM4_Keil.lib(f24_ascii.o)
    0x0800eab4   0x00000030   Data   RO         1313    .constdata          STemWin532_CM4_Keil.lib(f24_ascii.o)
    0x0800eae4   0x00000018   Data   RO         1314    .constdata          STemWin532_CM4_Keil.lib(f24_ascii.o)
    0x0800eafc   0x00000018   Data   RO         1315    .constdata          STemWin532_CM4_Keil.lib(f24_ascii.o)
    0x0800eb14   0x00000030   Data   RO         1316    .constdata          STemWin532_CM4_Keil.lib(f24_ascii.o)
    0x0800eb44   0x00000018   Data   RO         1317    .constdata          STemWin532_CM4_Keil.lib(f24_ascii.o)
    0x0800eb5c   0x00000030   Data   RO         1318    .constdata          STemWin532_CM4_Keil.lib(f24_ascii.o)
    0x0800eb8c   0x00000030   Data   RO         1319    .constdata          STemWin532_CM4_Keil.lib(f24_ascii.o)
    0x0800ebbc   0x00000030   Data   RO         1320    .constdata          STemWin532_CM4_Keil.lib(f24_ascii.o)
    0x0800ebec   0x00000030   Data   RO         1321    .constdata          STemWin532_CM4_Keil.lib(f24_ascii.o)
    0x0800ec1c   0x00000030   Data   RO         1322    .constdata          STemWin532_CM4_Keil.lib(f24_ascii.o)
    0x0800ec4c   0x00000018   Data   RO         1323    .constdata          STemWin532_CM4_Keil.lib(f24_ascii.o)
    0x0800ec64   0x00000030   Data   RO         1324    .constdata          STemWin532_CM4_Keil.lib(f24_ascii.o)
    0x0800ec94   0x00000018   Data   RO         1325    .constdata          STemWin532_CM4_Keil.lib(f24_ascii.o)
    0x0800ecac   0x00000030   Data   RO         1326    .constdata          STemWin532_CM4_Keil.lib(f24_ascii.o)
    0x0800ecdc   0x00000030   Data   RO         1327    .constdata          STemWin532_CM4_Keil.lib(f24_ascii.o)
    0x0800ed0c   0x00000030   Data   RO         1328    .constdata          STemWin532_CM4_Keil.lib(f24_ascii.o)
    0x0800ed3c   0x00000030   Data   RO         1329    .constdata          STemWin532_CM4_Keil.lib(f24_ascii.o)
    0x0800ed6c   0x00000030   Data   RO         1330    .constdata          STemWin532_CM4_Keil.lib(f24_ascii.o)
    0x0800ed9c   0x00000030   Data   RO         1331    .constdata          STemWin532_CM4_Keil.lib(f24_ascii.o)
    0x0800edcc   0x00000018   Data   RO         1332    .constdata          STemWin532_CM4_Keil.lib(f24_ascii.o)
    0x0800ede4   0x00000018   Data   RO         1333    .constdata          STemWin532_CM4_Keil.lib(f24_ascii.o)
    0x0800edfc   0x00000018   Data   RO         1334    .constdata          STemWin532_CM4_Keil.lib(f24_ascii.o)
    0x0800ee14   0x00000030   Data   RO         1335    .constdata          STemWin532_CM4_Keil.lib(f24_ascii.o)
    0x0800ee44   0x000002f8   Data   RO         1336    .constdata          STemWin532_CM4_Keil.lib(f24_ascii.o)
    0x0800f13c   0x0000000c   Data   RO         1337    .constdata          STemWin532_CM4_Keil.lib(f24_ascii.o)
    0x0800f148   0x00000024   Data   RO         1338    .constdata          STemWin532_CM4_Keil.lib(f24_ascii.o)
    0x0800f16c   0x00000074   Data   RO         1355    .constdata          STemWin532_CM4_Keil.lib(guidev_16.o)
    0x0800f1e0   0x00000020   Data   RO         1372    .constdata          STemWin532_CM4_Keil.lib(gui__divtbl_31_255.o)
    0x0800f200   0x00000040   Data   RO         1373    .constdata          STemWin532_CM4_Keil.lib(gui__divtbl_63_255.o)
    0x0800f240   0x00000100   Data   RO         1374    .constdata          STemWin532_CM4_Keil.lib(gui__divtbl_255_31.o)
    0x0800f340   0x00000100   Data   RO         1375    .constdata          STemWin532_CM4_Keil.lib(gui__divtbl_255_63.o)
    0x0800f440   0x00000010   Data   RO         1483    .constdata          STemWin532_CM4_Keil.lib(gui_uc_encodenone.o)
    0x0800f450   0x0000000c   Data   RO         1507    .constdata          STemWin532_CM4_Keil.lib(lcd.o)
    0x0800f45c   0x00000100   Data   RO         1542    .constdata          STemWin532_CM4_Keil.lib(lcd_mirror.o)
    0x0800f55c   0x00000008   Data   RO         1554    .constdata          STemWin532_CM4_Keil.lib(guidev_writetoactiveopaque.o)
    0x0800f564   0x00000018   Data   RO         1802    .constdata          STemWin532_CM4_Keil.lib(guicc_0.o)
    0x0800f57c   0x00000028   Data   RO         2434    .constdata          c_w.l(_printf_hex_int.o)
    0x0800f5a4   0x00000020   Data   RO         2721    Region$$Table       anon$$obj.o


    Execution Region RW_IRAM1 (Base: 0x20000000, Size: 0x0001b410, Max: 0x00020000, ABSOLUTE, COMPRESSED[0x00000068])

    Base Addr    Size         Type   Attr      Idx    E Section Name        Object

    0x20000000   0x00000014   Data   RW          238    .data               system_stm32f4xx.o
    0x20000014   0x00000001   Data   RW          284    .data               key.o
    0x20000015   0x00000001   PAD
    0x20000016   0x00000004   Data   RW          327    .data               ili93x.o
    0x2000001a   0x00000004   Data   RW          555    .data               delay.o
    0x2000001e   0x00000002   PAD
    0x20000020   0x00000006   Data   RW          596    .data               usart.o
    0x20000026   0x00000010   Data   RW          696    .data               stm32f4xx_rcc.o
    0x20000036   0x00000002   PAD
    0x20000038   0x00000024   Data   RW          764    .data               malloc.o
    0x2000005c   0x00000004   Data   RW          788    .data               gui_x.o
    0x20000060   0x00000008   Data   RW          830    .data               guidrv_template.o
    0x20000068   0x00000008   Data   RW          973    .data               STemWin532_CM4_Keil.lib(gui_alloc.o)
    0x20000070   0x0000002c   Data   RW         1024    .data               STemWin532_CM4_Keil.lib(gui_core.o)
    0x2000009c   0x00000004   Data   RW         1029    .data               STemWin532_CM4_Keil.lib(gui_core.o)
    0x200000a0   0x00000004   Data   RW         1034    .data               STemWin532_CM4_Keil.lib(gui_core.o)
    0x200000a4   0x00000002   Data   RW         1035    .data               STemWin532_CM4_Keil.lib(gui_core.o)
    0x200000a6   0x00000002   Data   RW         1036    .data               STemWin532_CM4_Keil.lib(gui_core.o)
    0x200000a8   0x00000038   Data   RW         1080    .data               STemWin532_CM4_Keil.lib(gui_touch_driveranalog.o)
    0x200000e0   0x00000008   Data   RW         1093    .data               STemWin532_CM4_Keil.lib(guicc_m565.o)
    0x200000e8   0x00000008   Data   RW         1142    .data               STemWin532_CM4_Keil.lib(lcd_getex.o)
    0x200000f0   0x00000004   Data   RW         1398    .data               STemWin532_CM4_Keil.lib(gui_charline.o)
    0x200000f4   0x0000001c   Data   RW         1450    .data               STemWin532_CM4_Keil.lib(gui_touch_calibrate.o)
    0x20000110   0x00000004   Data   RW         1508    .data               STemWin532_CM4_Keil.lib(lcd.o)
    0x20000114   0x00000010   Data   RW         1534    .data               STemWin532_CM4_Keil.lib(lcd_color.o)
    0x20000124   0x00000064   Data   RW         1617    .data               STemWin532_CM4_Keil.lib(wm.o)
    0x20000188   0x00000018   Data   RW         1692    .data               STemWin532_CM4_Keil.lib(gui__managecache.o)
    0x200001a0   0x00000010   Data   RW         1724    .data               STemWin532_CM4_Keil.lib(gui_onkey.o)
    0x200001b0   0x0000000c   Data   RW         1790    .data               STemWin532_CM4_Keil.lib(gui_waitevent.o)
    0x200001bc   0x00000004   Data   RW         1865    .data               STemWin532_CM4_Keil.lib(wm__sendmessage.o)
    0x200001c0   0x0000000e   Zero   RW          325    .bss                ili93x.o
    0x200001ce   0x000000c8   Zero   RW          595    .bss                usart.o
    0x20000296   0x0000000a   PAD
    0x200002a0   0x0001a900   Zero   RW          762    .bss                malloc.o
    0x2001aba0   0x000000cc   Zero   RW          972    .bss                STemWin532_CM4_Keil.lib(gui_alloc.o)
    0x2001ac6c   0x00000070   Zero   RW         1022    .bss                STemWin532_CM4_Keil.lib(gui_core.o)
    0x2001acdc   0x00000018   Zero   RW         1449    .bss                STemWin532_CM4_Keil.lib(gui_touch_calibrate.o)
    0x2001acf4   0x00000018   Zero   RW         1615    .bss                STemWin532_CM4_Keil.lib(wm.o)
    0x2001ad0c   0x00000058   Zero   RW         1723    .bss                STemWin532_CM4_Keil.lib(gui_onkey.o)
    0x2001ad64   0x00000048   Zero   RW         1906    .bss                STemWin532_CM4_Keil.lib(wm_touch.o)
    0x2001adac   0x00000060   Zero   RW         2587    .bss                c_w.l(libspace.o)
    0x2001ae0c   0x00000004   PAD
    0x2001ae10   0x00000200   Zero   RW          624    HEAP                startup_stm32f40_41xxx.o
    0x2001b010   0x00000400   Zero   RW          623    STACK               startup_stm32f40_41xxx.o



  Load Region LR$$.ARM.__AT_0x10000000 (Base: 0x10000000, Size: 0x00000000, Max: 0x0000f000, ABSOLUTE)

    Execution Region ER$$.ARM.__AT_0x10000000 (Base: 0x10000000, Size: 0x0000f000, Max: 0x0000f000, ABSOLUTE, UNINIT)

    Base Addr    Size         Type   Attr      Idx    E Section Name        Object

    0x10000000   0x0000f000   Zero   RW          758    .ARM.__AT_0x10000000  malloc.o



  Load Region LR$$.ARM.__AT_0x1000F000 (Base: 0x1000f000, Size: 0x00000000, Max: 0x00000f00, ABSOLUTE)

    Execution Region ER$$.ARM.__AT_0x1000F000 (Base: 0x1000f000, Size: 0x00000f00, Max: 0x00000f00, ABSOLUTE, UNINIT)

    Base Addr    Size         Type   Attr      Idx    E Section Name        Object

    0x1000f000   0x00000f00   Zero   RW          759    .ARM.__AT_0x1000F000  malloc.o



  Load Region LR$$.ARM.__AT_0x68000000 (Base: 0x68000000, Size: 0x00000000, Max: 0x000f0000, ABSOLUTE)

    Execution Region ER$$.ARM.__AT_0x68000000 (Base: 0x68000000, Size: 0x000f0000, Max: 0x000f0000, ABSOLUTE, UNINIT)

    Base Addr    Size         Type   Attr      Idx    E Section Name        Object

    0x68000000   0x000f0000   Zero   RW          760    .ARM.__AT_0x68000000  malloc.o



  Load Region LR$$.ARM.__AT_0x680F0000 (Base: 0x680f0000, Size: 0x00000000, Max: 0x0000f000, ABSOLUTE)

    Execution Region ER$$.ARM.__AT_0x680F0000 (Base: 0x680f0000, Size: 0x0000f000, Max: 0x0000f000, ABSOLUTE, UNINIT)

    Base Addr    Size         Type   Attr      Idx    E Section Name        Object

    0x680f0000   0x0000f000   Zero   RW          761    .ARM.__AT_0x680F0000  malloc.o


==============================================================================

Image component sizes


      Code (inc. data)   RO Data    RW Data    ZI Data      Debug   Object Name

       260          8          0          4          0       1513   delay.o
        40          4          0          4          0       1678   gui_x.o
        44          6          0          0          0        639   guiconf.o
      2256         76         52          8          0      60603   guidrv_template.o
     18460        174       6080          4         14      22700   ili93x.o
       260         12          0          1          0        896   key.o
       480         14          0          0          0       1199   lcdconf_flexcolor_template.o
        64          4          0          0          0        543   led.o
       136         20          0          0          0     271015   main.o
       556         18         36         36    1218560       5061   malloc.o
       224         20          0          0          0       1853   misc.o
       796         20          0          0          0       2377   sram.o
        64         26        392          0       1536        844   startup_stm32f40_41xxx.o
      1480         18         28          0          0       5702   stm32f4xx_fsmc.o
       660         44          0          0          0       4193   stm32f4xx_gpio.o
        26          0          0          0          0       1238   stm32f4xx_it.o
      1628         52          0         16          0      13088   stm32f4xx_rcc.o
      1108         34          0          0          0       7916   stm32f4xx_usart.o
       528         46          0         20          0       1831   system_stm32f4xx.o
       336         16          0          6        200       3374   usart.o

    ----------------------------------------------------------------------
     29408        612       6620        104    1220320     408263   Object Totals
         0          0         32          0          0          0   (incl. Generated)
         2          0          0          5         10          0   (incl. Padding)

    ----------------------------------------------------------------------

      Code (inc. data)   RO Data    RW Data    ZI Data      Debug   Library Member Name

         0          0       4792          0          0          0   f24_ascii.o
         0          0       1816          0          0          0   f6x8.o
       292          0          0          0          0        124   gui__compactpixelindices.o
         0          0        256          0          0          0   gui__divtbl_255_31.o
         0          0        256          0          0          0   gui__divtbl_255_63.o
         0          0         32          0          0          0   gui__divtbl_31_255.o
         0          0         64          0          0          0   gui__divtbl_63_255.o
        58          0          0          0          0        116   gui__intersectrect.o
        82          0          0          0          0        128   gui__intersectrects.o
       228          8          0         24          0        252   gui__managecache.o
        76          0          0          0          0        124   gui__memset.o
        60          0          0          0          0        124   gui__memset16.o
      1702         94          0          8        204       2620   gui_alloc.o
        36          0          0          0          0        128   gui_alloc_alloczero.o
        60          0          0          0          0        124   gui_calccolordist.o
        96         22          0          0          0        464   gui_char.o
       458         36          0          4          0        760   gui_charline.o
       394         12          0          0          0        492   gui_charm.o
       316         10          0          0          0        624   gui_charp.o
       492         76          8         56        112       1012   gui_core.o
       344         24          0          0          0        736   gui_device.o
       256          4          0          0          0        136   gui_dispstring.o
        28          0          0          0          0        256   gui_getcolor.o
        52         12          0          0          0        360   gui_goto.o
        88          0          0          0          0        124   gui_mergerect.o
        30          0          0          0          0        116   gui_moverect.o
        16          4          0         16         88        116   gui_onkey.o
        56          0          0          0          0        116   gui_rectsintersect.o
        48         10          0          0          0        128   gui_selectlayer.o
        18          0          0          0          0        128   gui_selectlcd.o
         8          0          0          0          0        232   gui_setcolor.o
        20          6          0          0          0        116   gui_setfont.o
        56         18          0          0          0        128   gui_setorg.o
      1330         20          0         28         24        396   gui_touch_calibrate.o
       212         14          0         56          0        252   gui_touch_driveranalog.o
        84         10          0          0          0        264   gui_uc.o
        18          0         16          0          0        464   gui_uc_encodenone.o
        16          4          0         12          0        116   gui_waitevent.o
       198          0         24          0          0        388   guicc_0.o
       258         46         24          8          0        652   guicc_m565.o
       100          6          0          0          0        256   guidev.o
      2282         60        116          0          0       2104   guidev_16.o
        26          0          0          0          0        128   guidev_getdataptr.o
        76          0          0          0          0        260   guidev_usage.o
      1854         18          8          0          0        732   guidev_writetoactiveopaque.o
      1646        110         12          4          0       2164   lcd.o
       272         30          0         16          0        632   lcd_color.o
        32         12          0          0          0        232   lcd_getcolorindex.o
       382         40          0          8          0       2252   lcd_getex.o
        26          0          0          0          0        128   lcd_getnumdisplays.o
         0          0        256          0          0          0   lcd_mirror.o
        64          8          0          0          0        128   lcd_selectlcd.o
       132          0          0          0          0        396   lcd_set.o
        48         10          0          0          0        128   lcd_setcliprectex.o
        36          4          0          0          0        128   lcd_updatecolorindices.o
      2966        132          0        100         24       4096   wm.o
        18          0          0          0          0        124   wm__getfirstsibling.o
        36          0          0          0          0        128   wm__getprevsibling.o
        60          6          0          4          0        136   wm__sendmessage.o
       126          0          0          0          0        140   wm_bringtobottom.o
        16          6          0          0          0        116   wm_criticalhandle.o
        32          0          0          0          0        128   wm_getclientrect.o
        24         10          0          0          0        116   wm_getdesktopwindow.o
        14          0          0          0          0        124   wm_getfirstchild.o
        14          0          0          0          0        124   wm_getparent.o
        30          0          0          0          0        140   wm_sendtoparent.o
         0          0          0          0         72          0   wm_touch.o
        90          0          0          0          0          0   __dczerorl2.o
         8          0          0          0          0         68   __main.o
       104          0          0          0          0         84   __printf.o
         0          0          0          0          0          0   __rtentry.o
        12          0          0          0          0          0   __rtentry2.o
         6          0          0          0          0          0   __rtentry4.o
        52          8          0          0          0          0   __scatter.o
        28          0          0          0          0          0   __scatter_zi.o
        48          6          0          0          0         96   _printf_char_common.o
        36          4          0          0          0         80   _printf_char_file.o
        88          4         40          0          0         88   _printf_hex_int.o
       178          0          0          0          0         88   _printf_intcommon.o
         0          0          0          0          0          0   _printf_percent.o
         4          0          0          0          0          0   _printf_percent_end.o
         6          0          0          0          0          0   _printf_x.o
        18          0          0          0          0         80   exit.o
         8          0          0          0          0         68   ferror.o
         6          0          0          0          0        152   heapauxi.o
         2          0          0          0          0          0   libinit.o
         6          0          0          0          0          0   libinit2.o
         2          0          0          0          0          0   libshutdown.o
         2          0          0          0          0          0   libshutdown2.o
         8          4          0          0         96         68   libspace.o
        24          4          0          0          0         84   noretval__2printf.o
       138          0          0          0          0         68   rt_memcpy_v6.o
       100          0          0          0          0         80   rt_memcpy_w.o
       132          0          0          0          0         68   rt_memmove_v6.o
       122          0          0          0          0         80   rt_memmove_w.o
         2          0          0          0          0          0   rtexit.o
        10          0          0          0          0          0   rtexit2.o
        74          0          0          0          0         80   sys_stackheap_outer.o
         2          0          0          0          0         68   use_no_semi.o
         2          0          0          0          0         68   use_no_semi_2.o
        10          0          0          0          0        116   fpinit.o

    ----------------------------------------------------------------------
     19168        912       7720        344        624      28940   Library Totals
        42          0          0          0          4          0   (incl. Padding)

    ----------------------------------------------------------------------

      Code (inc. data)   RO Data    RW Data    ZI Data      Debug   Library Name

     17798        882       7680        344        524      27356   STemWin532_CM4_Keil.lib
      1318         30         40          0         96       1468   c_w.l
        10          0          0          0          0        116   fz_wm.l

    ----------------------------------------------------------------------
     19168        912       7720        344        624      28940   Library Totals

    ----------------------------------------------------------------------

==============================================================================


      Code (inc. data)   RO Data    RW Data    ZI Data      Debug   

     48576       1524      14340        448    1220944     411475   Grand Totals
     48576       1524      14340        104    1220944     411475   ELF Image Totals (compressed)
     48576       1524      14340        104          0          0   ROM Totals

==============================================================================

    Total RO  Size (Code + RO Data)                62916 (  61.44kB)
    Total RW  Size (RW Data + ZI Data)           1221392 (1192.77kB)
    Total ROM Size (Code + RO Data + RW Data)      63020 (  61.54kB)

==============================================================================

