<html>
<body>
<pre>
<h1>礦ision Build Log</h1>
<h2>Tool Versions:</h2>
IDE-Version: μVision V5.23.0.0
Copyright (C) 2017 ARM Ltd and ARM Germany GmbH. All rights reserved.
License Information: ll Administrator, l, LIC=6XJCX-H5C5I-8VA1H-WJJ52-3BTKD-BCEKE
 
Tool Versions:
Toolchain:       MDK-ARM Professional  Version: 5.23
Toolchain Path:  D:\Software\Keil5\ARM\ARMCC\Bin
C Compiler:      Armcc.exe V5.06 update 4 (build 422)
Assembler:       Armasm.exe V5.06 update 4 (build 422)
Linker/Locator:  ArmLink.exe V5.06 update 4 (build 422)
Library Manager: ArmAr.exe V5.06 update 4 (build 422)
Hex Converter:   FromElf.exe V5.06 update 4 (build 422)
CPU DLL:         SARMCM3.DLL V5.23
Dialog DLL:      DCM.DLL V1.15.0.0
Target DLL:      STLink\ST-LINKIII-KEIL_SWO.dll V2.0.18.0
Dialog DLL:      TCM.DLL V1.27.0.0
 
<h2>Project:</h2>
C:\Users\Administrator\Desktop\实验37 内存管理实验\USER\MALLOC.uvprojx
Project File Date:  08/12/2017

<h2>Output:</h2>
*** Using Compiler 'V5.06 update 4 (build 422)', folder: 'D:\Software\Keil5\ARM\ARMCC\Bin'
Rebuild target 'MALLOC'
compiling led.c...
compiling system_stm32f4xx.c...
compiling stm32f4xx_it.c...
compiling key.c...
compiling sram.c...
compiling ILI93x.c...
compiling main.c...
main.c(22): warning:  #177-D: variable "key"  was declared but never referenced
  	u8 key;		 
main.c(23): warning:  #177-D: variable "i"  was declared but never referenced
   	u8 i=0;	    
main.c(24): warning:  #177-D: variable "p"  was declared but never referenced
  	u8 *p=0;
main.c(25): warning:  #177-D: variable "tp"  was declared but never referenced
  	u8 *tp=0;
main.c(26): warning:  #177-D: variable "paddr"  was declared but never referenced
  	u8 paddr[18];				//存放P Addr:+p地址的ASCII值
main.c(27): warning:  #177-D: variable "sramx"  was declared but never referenced
  	u8 sramx=0;					//默认为内部sram
main.c: 6 warnings, 0 errors
compiling ft5206.c...
compiling gt9147.c...
compiling 24cxx.c...
compiling ott2001a.c...
compiling myiic.c...
assembling startup_stm32f40_41xxx.s...
compiling touch.c...
compiling ctiic.c...
compiling sys.c...
compiling stm32f4xx_fsmc.c...
compiling misc.c...
compiling stm32f4xx_gpio.c...
compiling delay.c...
compiling usart.c...
compiling stm32f4xx_rcc.c...
compiling GUI_X.c...
compiling malloc.c...
compiling stm32f4xx_syscfg.c...
compiling stm32f4xx_usart.c...
compiling GUIConf.c...
compiling GUI_X_Touch_Analog.c...
compiling LCDConf_FlexColor_Template.c...
compiling GUIDRV_Template.c...
linking...
Program Size: Code=48576 RO-data=14340 RW-data=448 ZI-data=1220944  
FromELF: creating hex file...
"..\OBJ\MALLOC.axf" - 0 Error(s), 6 Warning(s).

<h2>Collection of Component include folders:</h2>
  .\RTE\_MALLOC
  D:\Software\Keil5\ARM\PACK\Keil\STM32F4xx_DFP\2.11.0\Drivers\CMSIS\Device\ST\STM32F4xx\Include

<h2>Collection of Component Files used:</h2>
Build Time Elapsed:  00:00:12
</pre>
</body>
</html>
